a3f00000 T _start
a3f00020 t _undefined_instruction
a3f00024 t _software_interrupt
a3f00028 t _prefetch_abort
a3f0002c t _data_abort
a3f00030 t _not_used
a3f00034 t _irq
a3f00038 t _fiq
a3f00040 t _TEXT_BASE
a3f00044 T _armboot_start
a3f00048 T _bss_start
a3f0004c T _bss_end
a3f00850 t reset
a3f00864 t relocate
a3f00888 t copy_loop
a3f00898 t stack_setup
a3f008a8 t clear_bss
a3f008b4 t clbss_l
a3f008c8 t _start_armboot
a3f008cc t IC_BASE
a3f008d0 t RST_BASE
a3f008d4 t OSTIMER_BASE
a3f008d8 t CC_BASE
a3f008dc t cpuspeed
a3f008e0 t cpu_init_crit
a3f00900 t setspeed_done
a3f00960 t undefined_instruction
a3f009c0 t software_interrupt
a3f009e0 t prefetch_abort
a3f00a40 t data_abort
a3f00aa0 t not_used
a3f00b00 t irq
a3f00b20 t fiq
a3f00b80 T reset_cpu
a3f00ba0 t reset_endless
a3f00bc0 T lowlevel_init
a3f00d40 t CBR_refresh1
a3f00d84 t end_of_memsetup
a3f00e20 T enable_interrupts
a3f00e24 T disable_interrupts
a3f00e2c T bad_mode
a3f00e48 T show_regs
a3f00f88 T do_undefined_instruction
a3f00fac T do_software_interrupt
a3f00fd0 T do_prefetch_abort
a3f00ff4 T do_data_abort
a3f01018 T do_not_used
a3f0103c T do_fiq
a3f01060 T do_irq
a3f01084 T interrupt_init
a3f0108c T reset_timer
a3f01090 T get_timer
a3f010a4 T set_timer
a3f010a8 T udelay
a3f010ac T reset_timer_masked
a3f010c0 T get_timer_masked
a3f010d0 T udelay_masked
a3f0113c T get_ticks
a3f01150 T get_tbclk
a3f01158 t mem_malloc_init
a3f01194 T sbrk
a3f011d8 t init_baudrate
a3f01230 t display_banner
a3f01280 t display_dram_config
a3f012c8 t display_flash_config
a3f012f0 T start_armboot
a3f014d0 T hang
a3f014e4 T ArpRequest
a3f01620 T ArpTimeoutCheck
a3f016ac T NetLoop
a3f01b38 t startAgainTimeout
a3f01b4c t startAgainHandler
a3f01b50 T NetStartAgain
a3f01c5c T NetSetHandler
a3f01c6c T NetSetTimeout
a3f01cac T NetSendPacket
a3f01cb0 T NetSendUDPPacket
a3f01e20 T PingSend
a3f01fac t PingTimeout
a3f01fc8 t PingHandler
a3f0200c t PingStart
a3f0204c T NetReceive
a3f02664 t net_check_prereq
a3f02770 T NetCksumOk
a3f0279c T NetCksum
a3f027e8 T NetEthHdrSize
a3f0282c T NetSetEther
a3f028e8 T NetSetIP
a3f02a24 T copy_filename
a3f02a90 T ip_to_string
a3f02ae8 T string_to_ip
a3f02b68 T VLAN_to_string
a3f02bc4 T string_to_VLAN
a3f02c1c T print_IPaddr
a3f02c40 T getenv_IPaddr
a3f02c50 T getenv_VLAN
a3f02c68 t TftpSend
a3f02e1c t TftpHandler
a3f030cc t TftpTimeout
a3f03128 T TftpStart
a3f0336c t BootpCheckPkt
a3f03408 t BootpCopyNetParams
a3f034bc t truncate_sz
a3f034f0 t BootpTimeout
a3f03538 t DhcpExtended
a3f036c4 T BootpRequest
a3f038e0 t DhcpOptionsProcess
a3f03ad0 t DhcpMessageType
a3f03b40 t DhcpSendRequestPkt
a3f03ca8 t DhcpHandler
a3f03e0c T DhcpRequest
a3f03e10 t RarpHandler
a3f03e68 t RarpTimeout
a3f03eb0 T RarpRequest
a3f03fb0 T eth_get_dev
a3f03fc0 T eth_get_dev_by_name
a3f04018 T eth_get_dev_index
a3f0406c T eth_register
a3f0410c T eth_initialize
a3f04368 T eth_set_enetaddr
a3f04420 T eth_init
a3f04494 T eth_halt
a3f044c4 T eth_send
a3f04504 T eth_rx
a3f04538 T eth_try_another
a3f045c0 T eth_set_current
a3f04634 T eth_get_name
a3f04654 t basename
a3f04694 t dirname
a3f046b0 t rpc_add_credentials
a3f0477c t rpc_req
a3f048c4 t rpc_lookup_req
a3f04944 t nfs_mount_req
a3f049e8 t nfs_umountall_req
a3f04a44 t nfs_readlink_req
a3f04a90 t nfs_lookup_req
a3f04b48 t nfs_read_req
a3f04bec t NfsSend
a3f04c8c t rpc_lookup_reply
a3f04d74 t nfs_mount_reply
a3f04e2c t nfs_umountall_reply
a3f04ecc t nfs_lookup_reply
a3f04f74 t nfs_readlink_reply
a3f050a0 t nfs_read_reply
a3f0522c t NfsTimeout
a3f05250 t NfsHandler
a3f0543c T NfsStart
a3f056e4 T flash_read_ushort
a3f05714 T flash_read_long
a3f0575c T flash_init
a3f057f0 t flash_get_info
a3f05838 T flash_erase
a3f059f0 T flash_print_info
a3f05b28 T write_buff
a3f05d80 T flash_real_protect
a3f05e70 T flash_read_user_serial
a3f05ee4 T flash_read_factory_serial
a3f05f58 t flash_is_busy
a3f05fbc t flash_status_check
a3f06068 t flash_full_status_check
a3f061d0 t flash_add_byte
a3f06278 t flash_make_cmd
a3f062d0 t flash_write_cmd
a3f06384 t flash_unlock_seq
a3f063bc t flash_isequal
a3f06490 t flash_isset
a3f06578 t flash_toggle
a3f06670 t flash_detect_cfi
a3f067a0 T flash_get_size
a3f06aa0 t flash_write_cfiword
a3f06c70 t find_sector
a3f06c98 t flash_write_cfibuffer
a3f06eac T flash_make_addr
a3f06ec8 T flash_read_uchar
a3f06ee4 t nc_wait_arp_handler
a3f06ef8 t nc_handler
a3f06f1c t nc_timeout
a3f06f30 T NcStart
a3f0700c T nc_input_packet
a3f070d0 t nc_send_packet
a3f071d0 T nc_start
a3f072c8 T nc_putc
a3f0730c T nc_puts
a3f07350 T nc_getc
a3f073e4 T nc_tstc
a3f07470 T drv_nc_init
a3f074f8 T smc_set_mac_addr
a3f0751c T dump_memory_info
a3f07548 t poll4int
a3f075d8 t smc_reset
a3f076d4 t smc_enable
a3f07708 t smc_shutdown
a3f07760 t smc_send_packet
a3f079b0 T smc_destructor
a3f079b4 T smc_initialize
a3f07a28 t smc_multi_init
a3f07a54 t smc_multi_halt
a3f07a58 t smc_multi_send
a3f07a64 t smc_multi_recv
a3f07a68 t smc_open
a3f07b1c t smc_rcv
a3f07c84 t smc_close
a3f07c94 t smc_read_phy_register
a3f07e58 t smc_write_phy_register
a3f08028 t smc_wait_ms
a3f08038 t smc_phy_configure
a3f081c4 T smc_get_ethaddr
a3f083dc T get_rom_mac
a3f08444 T main_loop
a3f08528 T readline
a3f0874c t delete_char
a3f0883c t parse_line
a3f088e4 t process_macros
a3f08ae0 T run_command
a3f08cc8 T do_run
a3f08d44 t abortboot
a3f08e58 T autoscript
a3f0902c T do_autoscript
a3f0906c T do_bdinfo
a3f0913c t print_num
a3f09154 T do_go
a3f091e0 T do_bootm
a3f09778 t fixup_silent_linux
a3f0983c t do_bootm_netbsd
a3f0994c T do_bootd
a3f09970 T do_iminfo
a3f099d8 t image_info
a3f09b1c T print_image_hdr
a3f09c50 t print_type
a3f09f04 t zalloc
a3f09f18 t zfree
a3f09f20 T gunzip
a3f0a07c t do_bootm_rtems
a3f0a0ac t do_bootm_vxworks
a3f0a104 t do_bootm_qnxelf
a3f0a15c T do_icache
a3f0a1e8 T do_dcache
a3f0a274 t on_off
a3f0a2bc T do_coninfo
a3f0a394 T do_bootelf
a3f0a444 T do_bootvx
a3f0a5c4 T valid_elf_image
a3f0a618 T load_elf_image
a3f0a734 T get_dev
a3f0a79c T do_fat_fsload
a3f0a92c T do_fat_ls
a3f0aa40 T do_fat_fsinfo
a3f0ab28 t abbrev_spec
a3f0ac8c t addr_spec
a3f0ae38 t flash_fill_sect_ranges
a3f0b020 T do_flinfo
a3f0b0c0 T jffs2_write_header
a3f0b100 T do_flerase
a3f0b328 T flash_sect_erase
a3f0b420 T do_protect
a3f0b76c T flash_sect_protect
a3f0b8a0 T do_ide
a3f0bcdc T do_diskboot
a3f0c07c T ide_init
a3f0c234 T ide_get_dev
a3f0c250 t ide_outb
a3f0c270 t ide_inb
a3f0c290 t output_data
a3f0c2d4 t input_data
a3f0c318 t ide_ident
a3f0c420 T ide_read
a3f0c620 T ide_write
a3f0c788 t ident_cpy
a3f0c80c t ide_wait
a3f0c85c t evalexp
a3f0c8b4 t evalstr
a3f0c8d4 t stringcomp
a3f0c99c t arithcomp
a3f0ca4c T binary_test
a3f0caf4 T do_itest
a3f0cba8 t device_validate
a3f0cc14 T id_parse
a3f0ccfc T mtdparts_init
a3f0ce98 t jffs2_part_info
a3f0cf30 T do_jffs2_fsload
a3f0d0c0 T do_jffs2_ls
a3f0d148 T do_jffs2_fsinfo
a3f0d1f0 T do_load_serial
a3f0d2cc t load_serial
a3f0d474 t read_record
a3f0d550 T do_save_serial
a3f0d5e0 t save_serial
a3f0d718 t write_record
a3f0d74c T do_load_serial_bin
a3f0d8d4 t load_serial_bin
a3f0d960 T send_pad
a3f0d99c T ktrans
a3f0d9c8 T chk1
a3f0d9fc T s1_sendpacket
a3f0da2c T send_ack
a3f0da94 T send_nack
a3f0dafc t bin_data_init
a3f0db34 t os_data_save
a3f0db80 t os_data_restore
a3f0dbcc t bin_data_char
a3f0dc10 t set_kerm_bin_mode
a3f0dc48 T k_data_init
a3f0dc70 T k_data_save
a3f0dc8c T k_data_restore
a3f0dca8 T k_data_char
a3f0dd1c T handle_send_packet
a3f0df34 t k_recv
a3f0e1a0 T cmd_get_data_size
a3f0e264 T do_mem_md
a3f0e470 T do_mem_mm
a3f0e49c T do_mem_nm
a3f0e4c8 T do_mem_mw
a3f0e5a0 T do_mem_mdc
a3f0e630 T do_mem_mwc
a3f0e6c0 T do_mem_cmp
a3f0e86c T do_mem_cp
a3f0ea74 T do_mem_base
a3f0eabc T do_mem_loop
a3f0ebd0 T do_mem_loopw
a3f0ecf8 T do_mem_mtest
a3f0ee18 t mod_mem
a3f0ef90 T do_mem_crc
a3f0f0d0 T do_sleep
a3f0f164 T do_mmc
a3f0f194 T do_bootp
a3f0f1a0 T do_tftpb
a3f0f1ac T do_rarpb
a3f0f1b8 T do_dhcp
a3f0f1c4 T do_nfs
a3f0f1d0 t netboot_update_env
a3f0f324 t netboot_common
a3f0f4ac T do_ping
a3f0f540 T do_printenv
a3f0f708 T _do_setenv
a3f0fc40 T setenv
a3f0fc80 T do_setenv
a3f0fcc0 T getenv
a3f0fd38 T getenv_r
a3f0fdf4 T do_saveenv
a3f0fe20 t envmatch
a3f0fe94 T do_pinit
a3f0ff0c t hardware_enable
a3f0ff14 t hardware_disable
a3f0ff1c t voltage_set
a3f0ff24 T msWait
a3f0ff34 T pxa_gpio_mode
a3f10000 T setup_pcmcia_gpios
a3f100d0 T pcmcia_on
a3f10194 t pcmcia_off
a3f1019c t check_ide_device
a3f10304 t print_funcid
a3f103d4 t print_fixed
a3f10514 t identify
a3f1061c T do_version
a3f1063c T do_echo
a3f106c4 T do_test
a3f10b98 T do_exit
a3f10bc8 T do_help
a3f10d8c T find_cmd
a3f10e34 t console_setfile
a3f10ee8 T serial_printf
a3f10f20 T fgetc
a3f10f48 T ftstc
a3f10f70 T fputc
a3f10fa0 T fputs
a3f10fcc T fprintf
a3f1100c T getc
a3f11024 T tstc
a3f1103c T putc
a3f11068 T puts
a3f11090 T printf
a3f110c8 T vprintf
a3f110f4 T ctrlc
a3f11150 T disable_ctrlc
a3f11168 T had_ctrlc
a3f11178 T clear_ctrlc
a3f1118c T console_assign
a3f11220 T console_init_f
a3f11250 T search_device
a3f112d8 T console_init_r
a3f113f4 T dbg
a3f11400 T nulldev_putc
a3f11404 T nulldev_puts
a3f11408 T nulldev_input
a3f11410 t drv_system_init
a3f114dc T device_register
a3f11500 T devices_init
a3f1154c T devices_done
a3f11568 T malloc_bin_reloc
a3f1159c t malloc_extend_top
a3f11758 T malloc
a3f11bfc T free
a3f11e40 T realloc
a3f122a4 T memalign
a3f123b8 T valloc
a3f123c4 T pvalloc
a3f123dc T calloc
a3f124b4 T cfree
a3f124b8 T malloc_trim
a3f125a0 T malloc_usable_size
a3f125e0 T mallopt
a3f12650 T env_crc_update
a3f1267c t env_get_char_init
a3f126a4 T env_get_char_memory
a3f126c4 T env_get_addr
a3f126e4 T env_relocate
a3f1277c T env_get_char_spec
a3f12788 T env_init
a3f127dc T saveenv
a3f128e4 T env_relocate_spec
a3f12904 t dummy
a3f12908 T get_version
a3f12910 T jumptable_init
a3f12994 T flash_protect
a3f12aac T addr2info
a3f12af4 T flash_write
a3f12ca0 T flash_perror
a3f12d8c t syntax_err
a3f12d98 t b_check_space
a3f12e00 t b_addchr
a3f12e48 t b_reset
a3f12e64 t b_free
a3f12e88 t b_addqchr
a3f12edc T simple_itoa
a3f12f20 t static_get
a3f12f3c t static_peek
a3f12f48 t get_user_input
a3f130c0 t file_get
a3f13144 t file_peek
a3f13150 t setup_file_in_str
a3f13180 t setup_string_in_str
a3f131ac t run_pipe_real
a3f13444 t run_list_real
a3f13798 t indenter
a3f137ac t free_pipe
a3f13878 t free_pipe_list
a3f138c4 t run_list
a3f138e8 t get_local_var
a3f13954 t set_local_var
a3f13b14 t is_assignment
a3f13b7c T new_pipe
a3f13ba4 t initialize_context
a3f13bdc T reserved_word
a3f13d18 t done_word
a3f13ea4 t done_command
a3f13f30 t done_pipe
a3f13f80 t lookup_param
a3f13fb8 t get_dollar_var
a3f14004 t handle_dollar
a3f141a8 t parse_stream
a3f14490 T mapset
a3f144b8 T update_ifs_map
a3f1452c t parse_stream_outer
a3f146c8 T parse_string_outer
a3f14798 T parse_file_outer
a3f147c0 t u_boot_hush_reloc
a3f147f0 T u_boot_hush_start
a3f14844 t xmalloc
a3f14864 t xrealloc
a3f14884 t insert_var_value
a3f149b4 t make_list_in
a3f14b10 t make_string
a3f14bc8 T NewHandle
a3f14c30 T DisposeHandle
a3f14c58 T GetHandleSize
a3f14c60 T SetHandleSize
a3f14cd8 t ExpandListSpace
a3f14da4 T ListCreate
a3f14e04 T ListSetAllocationPolicy
a3f14e18 T ListDispose
a3f14e1c T ListInsertItem
a3f14e24 T ListInsertItems
a3f14f64 T ListGetItems
a3f14fb0 T ListGetPtrToItem
a3f14fe0 T ListGetDataPtr
a3f14fec T ListGetItemSize
a3f14ff8 T ListNumItems
a3f15004 T srec_decode
a3f15294 t hex1_bin
a3f152d0 t hex2_bin
a3f1530c T crc32
a3f15408 T crc32_no_comp
a3f154fc T display_options
a3f1551c T print_size
a3f155b0 T strnicmp
a3f1563c T strcpy
a3f1565c T strncpy
a3f15688 T strcat
a3f156c0 T strncat
a3f15720 T strcmp
a3f15750 T strncmp
a3f15798 T strchr
a3f157cc T strrchr
a3f15804 T strlen
a3f15828 T strnlen
a3f15868 T strdup
a3f158a8 T strspn
a3f15908 T strpbrk
a3f15950 T strtok
a3f159d0 T strsep
a3f15a08 T strswab
a3f15a68 T memset
a3f15a8c T bcopy
a3f15ab8 T memcpy
a3f15ae0 T memmove
a3f15b40 T memcmp
a3f15b78 T memscan
a3f15b9c T strstr
a3f15c08 T memchr
a3f15c3c T simple_strtoul
a3f15ce8 T simple_strtol
a3f15d14 t skip_atoi
a3f15d5c t number
a3f15f9c T vsprintf
a3f16494 T sprintf
a3f164b4 T panic
a3f164fc T inflateReset
a3f16564 T inflateEnd
a3f165d4 T inflateInit2
a3f166a4 T inflateInit
a3f166ac T inflate
a3f16a70 T inflateIncomp
a3f16a90 T inflateSync
a3f16ba4 t inflate_blocks_reset
a3f16c70 t inflate_blocks_new
a3f16d10 t inflate_blocks
a3f177a4 t inflate_blocks_free
a3f177ec t inflate_addhistory
a3f17914 t inflate_packet_flush
a3f17934 t huft_build
a3f17f44 t inflate_trees_bits
a3f17fb8 t inflate_trees_dynamic
a3f180d0 t falloc
a3f180f4 t ffree
a3f180f8 t inflate_trees_fixed
a3f18320 t inflate_trees_free
a3f18360 t inflate_codes_new
a3f183b0 t inflate_codes
a3f18a0c t inflate_codes_free
a3f18a30 t inflate_flush
a3f18bb4 t inflate_fast
a3f18ef8 T adler32
a3f19070 T board_init
a3f190d0 T dram_init
a3f190f0 T get_board_serial
a3f19144 T gumstix_serial_hash
a3f1921c T misc_init_r
a3f19304 T serial_setbrg
a3f193dc T serial_init
a3f193ec T serial_putc
a3f19420 T serial_tstc
a3f19434 T serial_getc
a3f1945c T serial_puts
a3f19488 T cpu_init
a3f19490 T cleanup_before_linux
a3f194b0 T do_reset
a3f194e0 T icache_enable
a3f194f0 T icache_disable
a3f19504 T icache_status
a3f19510 T dcache_enable
a3f19514 T dcache_disable
a3f19518 T dcache_status
a3f19520 T set_GPIO_mode
a3f1959c T mmc_get_dev
a3f195a8 t mmc_cmd
a3f196f8 T mmc_block_read
a3f19824 T mmc_block_write
a3f19990 T mmc_read
a3f19aac T mmc_write
a3f19c10 T mmc_bread
a3f19c38 T mmc_init
a3f19f68 T mmc_ident
a3f19f70 T mmc2info
a3f19f84 T __udivsi3
a3f19f9c t Loop1
a3f19fb0 t Lbignum
a3f19fc4 t Loop3
a3f1a004 t Lgot_result
a3f1a00c t Ldiv0
a3f1a01c T __umodsi3
a3f1a030 t Loop1
a3f1a044 t Lbignum
a3f1a058 t Loop3
a3f1a0c0 t Ldiv0
a3f1a0d0 T do_bootm_linux
a3f1a404 t setup_start_tag
a3f1a45c t setup_memory_tags
a3f1a4ac t setup_commandline_tag
a3f1a534 t setup_initrd_tag
a3f1a580 T setup_serial_tag
a3f1a5cc t setup_end_tag
a3f1a5ec T flush_cache
a3f1a5f0 T __div0
a3f1a5f4 t cramfs_read_super
a3f1a730 t cramfs_resolve
a3f1a860 t cramfs_uncompress
a3f1a908 T cramfs_load
a3f1a9f4 t cramfs_list_inode
a3f1ab54 T cramfs_ls
a3f1acd4 T cramfs_info
a3f1ada0 T cramfs_check
a3f1ae10 t zalloc
a3f1ae24 t zfree
a3f1ae2c T cramfs_uncompress_block
a3f1ae78 T cramfs_uncompress_init
a3f1aedc T cramfs_uncompress_exit
a3f1aef4 t downcase
a3f1af20 T disk_read
a3f1af88 T fat_register_device
a3f1b094 t dirdelim
a3f1b0c8 t compare_sign
a3f1b0f8 t get_name
a3f1b1c0 t get_fatent
a3f1b320 t get_cluster
a3f1b3b4 t get_contents
a3f1b520 t slot2str
a3f1b5ec t get_vfatname
a3f1b77c t mkcksum
a3f1b7b0 t get_dentfromdir
a3f1ba14 t read_bootsectandvi
a3f1bb04 T do_fat_read
a3f1c0dc T file_fat_detectfs
a3f1c224 T file_fat_ls
a3f1c234 T file_fat_read
a3f1c26c t free_nodes
a3f1c29c t add_node
a3f1c330 t insert_node
a3f1c394 t jffs2_scan_empty
a3f1c444 T jffs2_free_cache
a3f1c474 t jffs_init_1pass_list
a3f1c4a4 t jffs2_1pass_read_inode
a3f1c780 t jffs2_1pass_find_inode
a3f1c950 T mkmodestr
a3f1ca68 t jffs2_1pass_list_inodes
a3f1ce80 t jffs2_1pass_search_inode
a3f1cfd4 t jffs2_1pass_resolve_inode
a3f1d2b0 t jffs2_1pass_search_list_inodes
a3f1d468 T jffs2_1pass_rescan_needed
a3f1d52c t jffs2_1pass_build_lists
a3f1d914 t jffs2_1pass_fill_info
a3f1da50 t jffs2_get_list
a3f1daac T jffs2_1pass_ls
a3f1db08 T jffs2_1pass_load
a3f1dbcc T jffs2_1pass_info
a3f1dc3c t localtime_r
a3f1de74 T rtime_decompress
a3f1df48 T rubin_do_decompress
a3f1e030 T dynrubin_decompress
a3f1e07c T zlib_decompress
a3f1e094 t init_stream
a3f1e164 t discard_bits
a3f1e184 t decompress_none
a3f1e214 t read_symbol
a3f1e2f0 t decompress_huffman
a3f1e4d4 t fill_code_tables
a3f1e5d0 t init_code_tables
a3f1e64c t decompress_dynamic
a3f1eba8 t decompress_fixed
a3f1ed18 T decompress_block
a3f1ee30 T cramfs_memset
a3f1ee4c T pull_bits
a3f1eeb4 T pull_bit
a3f1eef4 T dev_print
a3f1f088 T init_part
a3f1f0a4 T get_partition_info
a3f1f0cc t print_part_header
a3f1f16c T print_part
a3f1f1ac t print_one_part
a3f1f24c t test_block_type
a3f1f2a4 T test_part_dos
a3f1f2f8 t print_partition_extended
a3f1f488 t get_partition_info_extended
a3f1f728 T print_part_dos
a3f1f754 T get_partition_info_dos
a3f1f804 R version_string
a3f1f864 r __func__.0
a3f1f870 r JFFS2_CLEAN_HEADER
a3f1f87c r baudrate_table
a3f1f8d4 r m8xx_size_to_gray
a3f1f954 r crc_table
a3f1fd5c r mon_lengths.0
a3f1fdbc r year_lengths.1
a3f1fdc4 r day_name.3
a3f1fdd9 r mon_name.4
a3f25b28 D init_sequence
a3f25b54 D NetBcastAddr
a3f25b5a D NetOurVLAN
a3f25b5c D NetOurNativeVLAN
a3f25b60 d nfs_offset
a3f25b64 d smc_mac_addr
a3f25b6c d erase_seq
a3f25b70 d tab_seq
a3f25b7c D load_addr
a3f25b80 d curr_device
a3f25b84 D op_table
a3f25bec d do_echo
a3f25bf0 D dp_last_length
a3f25bf4 D indent
a3f25bf8 d known_cards
a3f25c00 D stdio_names
a3f25c0c d av_
a3f26014 d trim_threshold
a3f26018 d mmap_threshold
a3f2601c d sbrk_base
a3f26020 D env_get_char
a3f26024 D default_environment
a3f262a0 D env_name_spec
a3f262a4 D env_ptr
a3f262a8 d flash_addr
a3f262ac d blanks.2
a3f262d4 d reserved_list
a3f26358 D _ctype
a3f26458 d inflate_mask
a3f2649c d border
a3f264e8 d cplens
a3f26564 d cplext
a3f265e0 d cpdist
a3f26658 d cpdext
a3f266d0 d fixed_left
a3f266d4 D zlib_version
a3f266d8 D z_errmsg
a3f266f8 d cur_part
a3f266fc d compr_names
a3f26718 d spinner
a3f2671c d l.2
a3f26720 d huffman_order
a3f26734 A __u_boot_cmd_start
a3f26734 D __u_boot_cmd_autoscr
a3f2674c D __u_boot_cmd_bdinfo
a3f26764 D __u_boot_cmd_go
a3f2677c D __u_boot_cmd_reset
a3f26794 D __u_boot_cmd_bootm
a3f267ac D __u_boot_cmd_boot
a3f267c4 D __u_boot_cmd_bootd
a3f267dc D __u_boot_cmd_iminfo
a3f267f4 D __u_boot_cmd_icache
a3f2680c D __u_boot_cmd_dcache
a3f26824 D __u_boot_cmd_coninfo
a3f2683c D __u_boot_cmd_bootelf
a3f26854 D __u_boot_cmd_bootvx
a3f2686c D __u_boot_cmd_fatload
a3f26884 D __u_boot_cmd_fatls
a3f2689c D __u_boot_cmd_fatinfo
a3f268b4 D __u_boot_cmd_flinfo
a3f268cc D __u_boot_cmd_erase
a3f268e4 D __u_boot_cmd_jerase
a3f268fc D __u_boot_cmd_protect
a3f26914 D __u_boot_cmd_ide
a3f2692c D __u_boot_cmd_diskboot
a3f26944 D __u_boot_cmd_itest
a3f2695c D __u_boot_cmd_fsload
a3f26974 D __u_boot_cmd_ls
a3f2698c D __u_boot_cmd_fsinfo
a3f269a4 D __u_boot_cmd_loads
a3f269bc D __u_boot_cmd_saves
a3f269d4 D __u_boot_cmd_loadb
a3f269ec D __u_boot_cmd_md
a3f26a04 D __u_boot_cmd_mm
a3f26a1c D __u_boot_cmd_nm
a3f26a34 D __u_boot_cmd_mw
a3f26a4c D __u_boot_cmd_cp
a3f26a64 D __u_boot_cmd_cmp
a3f26a7c D __u_boot_cmd_crc32
a3f26a94 D __u_boot_cmd_base
a3f26aac D __u_boot_cmd_loop
a3f26ac4 D __u_boot_cmd_loopw
a3f26adc D __u_boot_cmd_mtest
a3f26af4 D __u_boot_cmd_mdc
a3f26b0c D __u_boot_cmd_mwc
a3f26b24 D __u_boot_cmd_sleep
a3f26b3c D __u_boot_cmd_mmcinit
a3f26b54 D __u_boot_cmd_bootp
a3f26b6c D __u_boot_cmd_tftpboot
a3f26b84 D __u_boot_cmd_rarpboot
a3f26b9c D __u_boot_cmd_dhcp
a3f26bb4 D __u_boot_cmd_nfs
a3f26bcc D __u_boot_cmd_ping
a3f26be4 D __u_boot_cmd_printenv
a3f26bfc D __u_boot_cmd_setenv
a3f26c14 D __u_boot_cmd_saveenv
a3f26c2c D __u_boot_cmd_run
a3f26c44 D __u_boot_cmd_pinit
a3f26c5c D __u_boot_cmd_version
a3f26c74 D __u_boot_cmd_echo
a3f26c8c D __u_boot_cmd_test
a3f26ca4 D __u_boot_cmd_exit
a3f26cbc D __u_boot_cmd_help
a3f26cd4 D __u_boot_cmd_question_mark
a3f26cec A __bss_start
a3f26cec A __u_boot_cmd_end
a3f26cec b mem_malloc_start
a3f26cf0 b mem_malloc_end
a3f26cf4 b mem_malloc_brk
a3f26cf8 B monitor_flash_len
a3f26cfc B NetOurSubnetMask
a3f26d00 B NetOurGatewayIP
a3f26d04 B NetOurDNSIP
a3f26d08 B NetOurNISDomain
a3f26d28 B NetOurHostName
a3f26d48 B NetOurRootPath
a3f26d88 B NetBootFileSize
a3f26d8a B NetServerEther
a3f26d90 B NetEtherNullAddr
a3f26d98 B NetRestartWrap
a3f26d9c b NetRestarted
a3f26da0 b NetDevExists
a3f26da4 B NetTxPacket
a3f26da8 b mac.0
a3f26db0 B NetBootFileXferSize
a3f26db4 B NetOurEther
a3f26dbc B NetOurIP
a3f26dc0 B NetServerIP
a3f26dc4 B NetRxPackets
a3f26dd4 B NetRxPkt
a3f26dd8 B NetRxPktLen
a3f26ddc B NetIPID
a3f26de0 B NetState
a3f26de4 B BootFile
a3f26e64 B NetPingIP
a3f26e68 B PktBuf
a3f28c88 b packetHandler
a3f28c8c b timeHandler
a3f28c90 b timeStart
a3f28c94 b timeDelta
a3f28c98 B NetArpWaitPacketIP
a3f28c9c B NetArpWaitReplyIP
a3f28ca0 B NetArpWaitPacketMAC
a3f28ca4 B NetArpWaitTxPacket
a3f28ca8 B NetArpWaitTxPacketSize
a3f28cac B NetArpWaitPacketBuf
a3f292cc B NetArpWaitTimerStart
a3f292d0 B NetArpWaitTry
a3f292d4 b PingSeqNo
a3f292d8 b TftpServerPort
a3f292dc b TftpOurPort
a3f292e0 b TftpTimeoutCount
a3f292e4 b TftpBlock
a3f292e8 b TftpLastBlock
a3f292ec b TftpBlockWrap
a3f292f0 b TftpBlockWrapOffset
a3f292f4 b TftpState
a3f292f8 b default_filename
a3f29308 b tftp_filename
a3f2930c B dhcp_state
a3f29310 B dhcp_leasetime
a3f29314 B NetDHCPServerIP
a3f29318 B BootpID
a3f2931c B BootpTry
a3f29320 B RarpTry
a3f29324 b first_failed.0
a3f29328 b eth_devices
a3f2932c b eth_current
a3f29330 b fs_mounted
a3f29334 b rpc_id
a3f29338 b nfs_len
a3f2933c b dirfh
a3f2935c b filefh
a3f2937c b NfsDownloadState
a3f29380 b NfsServerIP
a3f29384 b NfsSrvMountPort
a3f29388 b NfsSrvNfsPort
a3f2938c b NfsOurPort
a3f29390 b NfsTimeoutCount
a3f29394 b NfsState
a3f29398 b default_filename
a3f293d8 b nfs_filename
a3f293dc b nfs_path
a3f293e0 b nfs_path_buff
a3f29be0 b bank_base
a3f29be4 B flash_info
a3f2a108 b input_size
a3f2a10c b input_offset
a3f2a110 b input_recursion
a3f2a114 b output_recursion
a3f2a118 b output_packet_len
a3f2a11c b input_buffer
a3f2a31c b net_timeout
a3f2a320 b nc_ether
a3f2a328 b nc_ip
a3f2a32c b nc_port
a3f2a330 b output_packet
a3f2a334 B console_buffer
a3f2a534 B header
a3f2a574 B ide_bus_offset
a3f2a578 b ide_bus_ok
a3f2a57c B ide_dev_desc
a3f2a5e0 b current_dev
a3f2a5e4 b current_partnum
a3f2a5e8 b initialized.0
a3f2a5ec B os_data_count
a3f2a5f0 B os_data_header
a3f2a610 B his_eol
a3f2a614 B his_pad_count
a3f2a618 B his_pad_char
a3f2a619 B his_quote
a3f2a61a b a_b
a3f2a634 B os_data_init
a3f2a638 B os_data_char
a3f2a63c b os_data_state
a3f2a640 b os_data_state_saved
a3f2a644 b os_data_count_saved
a3f2a648 b os_data_addr
a3f2a64c b os_data_addr_saved
a3f2a650 b bin_start_address
a3f2a654 b k_data_escape
a3f2a658 b k_data_escape_saved
a3f2a65c B send_parms
a3f2a670 B send_ptr
a3f2a674 b base_address
a3f2a678 B dp_last_addr
a3f2a67c B dp_last_size
a3f2a680 B mm_last_addr
a3f2a684 B mm_last_size
a3f2a688 B ide_devices_found
a3f2a68c b ctrlc_disabled
a3f2a690 b ctrlc_was_pressed
a3f2a694 B devlist
a3f2a698 B stdio_devices
a3f2a6a4 b top_pad
a3f2a6a8 b n_mmaps_max
a3f2a6ac b max_sbrked_mem
a3f2a6b0 b max_total_mem
a3f2a6b4 b current_mallinfo
a3f2a6dc b mmapped_mem
a3f2a6e0 b flag_repeat
a3f2a6e4 b do_repeat
a3f2a6e8 b top_vars
a3f2a6ec b local.0
a3f2a702 b the_command.1
a3f2a902 b buf.3
a3f2a92c B last_return_code
a3f2a930 B nesting_level
a3f2a934 b ifs
a3f2a938 b map
a3f2aa38 B ___strtok
a3f2aa3c b fixed_lock
a3f2aa40 b fixed_built
a3f2aa44 b fixed_mem
a3f2bad4 b fixed_bl
a3f2bad8 b fixed_bd
a3f2badc b fixed_tl
a3f2bae0 b fixed_td
a3f2bae4 b system_serial
a3f2baec b mmc_ready
a3f2baf0 b resp.0
a3f2bb04 b mmc_dev
a3f2bb68 b mmc_buf
a3f2bd68 b mmc_csd
a3f2bd78 b params
a3f2bd7c B super
a3f2bdc8 b stream
a3f2bdfc b cur_dev
a3f2be00 b part_offset
a3f2be04 B get_vfatname_block
a3f3be04 B get_dentfromdir_block
a3f4be04 B do_fat_read_block
a3f5be04 b current_part
a3f5be08 A _end
