Archive member included because of file (symbol)

cpu/pxa/libpxa.a(interrupts.o)
                              cpu/pxa/start.o (do_undefined_instruction)
lib_arm/libarm.a(board.o)     cpu/pxa/start.o (start_armboot)
net/libnet.a(net.o)           lib_arm/libarm.a(board.o) (getenv_IPaddr)
net/libnet.a(tftp.o)          net/libnet.a(net.o) (TftpStart)
net/libnet.a(bootp.o)         net/libnet.a(net.o) (BootpRequest)
net/libnet.a(rarp.o)          net/libnet.a(net.o) (RarpRequest)
net/libnet.a(eth.o)           net/libnet.a(net.o) (eth_get_dev)
net/libnet.a(nfs.o)           net/libnet.a(net.o) (NfsStart)
drivers/libdrivers.a(cfi_flash.o)
                              lib_arm/libarm.a(board.o) (flash_init)
drivers/libdrivers.a(netconsole.o)
                              net/libnet.a(net.o) (NcStart)
drivers/libdrivers.a(smc91111.o)
                              lib_arm/libarm.a(board.o) (smc_set_mac_addr)
common/libcommon.a(main.o)    lib_arm/libarm.a(board.o) (main_loop)
common/libcommon.a(cmd_autoscript.o)
                              (__u_boot_cmd_autoscr)
common/libcommon.a(cmd_bdinfo.o)
                              (__u_boot_cmd_bdinfo)
common/libcommon.a(cmd_boot.o)
                              (__u_boot_cmd_go)
common/libcommon.a(cmd_bootm.o)
                              lib_arm/libarm.a(board.o) (load_addr)
common/libcommon.a(cmd_cache.o)
                              (__u_boot_cmd_icache)
common/libcommon.a(cmd_console.o)
                              (__u_boot_cmd_coninfo)
common/libcommon.a(cmd_elf.o)
                              common/libcommon.a(cmd_bootm.o) (do_bootelf)
common/libcommon.a(cmd_fat.o)
                              (__u_boot_cmd_fatload)
common/libcommon.a(cmd_flash.o)
                              (__u_boot_cmd_flinfo)
common/libcommon.a(cmd_ide.o)
                              common/libcommon.a(cmd_fat.o) (ide_get_dev)
common/libcommon.a(cmd_itest.o)
                              (__u_boot_cmd_itest)
common/libcommon.a(cmd_jffs2.o)
                              (__u_boot_cmd_fsload)
common/libcommon.a(cmd_load.o)
                              (__u_boot_cmd_loads)
common/libcommon.a(cmd_mem.o)
                              common/libcommon.a(cmd_itest.o) (cmd_get_data_size)
common/libcommon.a(cmd_misc.o)
                              (__u_boot_cmd_sleep)
common/libcommon.a(cmd_mmc.o)
                              (__u_boot_cmd_mmcinit)
common/libcommon.a(cmd_net.o)
                              (__u_boot_cmd_bootp)
common/libcommon.a(cmd_nvedit.o)
                              net/libnet.a(net.o) (setenv)
common/libcommon.a(cmd_pcmcia.o)
                              (__u_boot_cmd_pinit)
common/libcommon.a(command.o)
                              (__u_boot_cmd_version)
common/libcommon.a(console.o)
                              cpu/pxa/libpxa.a(interrupts.o) (printf)
common/libcommon.a(devices.o)
                              common/libcommon.a(cmd_console.o) (devlist)
common/libcommon.a(dlmalloc.o)
                              common/libcommon.a(cmd_autoscript.o) (free)
common/libcommon.a(env_common.o)
                              common/libcommon.a(cmd_nvedit.o) (env_get_char)
common/libcommon.a(env_flash.o)
                              common/libcommon.a(cmd_nvedit.o) (env_name_spec)
common/libcommon.a(exports.o)
                              lib_arm/libarm.a(board.o) (jumptable_init)
common/libcommon.a(flash.o)   drivers/libdrivers.a(cfi_flash.o) (flash_protect)
common/libcommon.a(hush.o)    common/libcommon.a(main.o) (parse_string_outer)
common/libcommon.a(lists.o)   common/libcommon.a(devices.o) (ListCreate)
common/libcommon.a(s_record.o)
                              common/libcommon.a(cmd_load.o) (srec_decode)
lib_generic/libgeneric.a(crc32.o)
                              common/libcommon.a(cmd_autoscript.o) (crc32)
lib_generic/libgeneric.a(ctype.o)
                              common/libcommon.a(cmd_jffs2.o) (_ctype)
lib_generic/libgeneric.a(display_options.o)
                              lib_arm/libarm.a(board.o) (print_size)
lib_generic/libgeneric.a(string.o)
                              net/libnet.a(net.o) (strcpy)
lib_generic/libgeneric.a(vsprintf.o)
                              lib_arm/libarm.a(board.o) (simple_strtoul)
lib_generic/libgeneric.a(zlib.o)
                              common/libcommon.a(cmd_bootm.o) (inflateEnd)
board/gumstix/libgumstix.a(gumstix.o)
                              lib_arm/libarm.a(board.o) (board_init)
cpu/pxa/libpxa.a(serial.o)    common/libcommon.a(cmd_load.o) (serial_setbrg)
cpu/pxa/libpxa.a(cpu.o)       lib_arm/libarm.a(board.o) (cpu_init)
cpu/pxa/libpxa.a(mmc.o)       common/libcommon.a(cmd_fat.o) (mmc_get_dev)
lib_arm/libarm.a(_udivsi3.o)  drivers/libdrivers.a(cfi_flash.o) (__udivsi3)
lib_arm/libarm.a(_umodsi3.o)  common/libcommon.a(dlmalloc.o) (__umodsi3)
lib_arm/libarm.a(armlinux.o)  common/libcommon.a(cmd_bootm.o) (do_bootm_linux)
lib_arm/libarm.a(cache.o)     common/libcommon.a(cmd_elf.o) (flush_cache)
lib_arm/libarm.a(div0.o)      lib_arm/libarm.a(_udivsi3.o) (__div0)
fs/cramfs/libcramfs.a(cramfs.o)
                              common/libcommon.a(cmd_jffs2.o) (cramfs_load)
fs/cramfs/libcramfs.a(uncompress.o)
                              fs/cramfs/libcramfs.a(cramfs.o) (cramfs_uncompress_block)
fs/fat/libfat.a(fat.o)        common/libcommon.a(cmd_fat.o) (fat_register_device)
fs/jffs2/libjffs2.a(jffs2_1pass.o)
                              fs/cramfs/libcramfs.a(cramfs.o) (mkmodestr)
fs/jffs2/libjffs2.a(compr_rtime.o)
                              fs/jffs2/libjffs2.a(jffs2_1pass.o) (rtime_decompress)
fs/jffs2/libjffs2.a(compr_rubin.o)
                              fs/jffs2/libjffs2.a(jffs2_1pass.o) (dynrubin_decompress)
fs/jffs2/libjffs2.a(compr_zlib.o)
                              fs/jffs2/libjffs2.a(jffs2_1pass.o) (zlib_decompress)
fs/jffs2/libjffs2.a(mini_inflate.o)
                              fs/jffs2/libjffs2.a(compr_zlib.o) (decompress_block)
disk/libdisk.a(part.o)        common/libcommon.a(cmd_ide.o) (dev_print)
disk/libdisk.a(part_dos.o)    disk/libdisk.a(part.o) (test_part_dos)

Memory Configuration

Name             Origin             Length             Attributes
*default*        0x00000000         0xffffffff

Linker script and memory map

                0x00000000                . = 0x0
                0x00000000                . = ALIGN (0x4)

.text           0xa3f00000    0x1f784
 cpu/pxa/start.o(.text)
 .text          0xa3f00000      0xbc0 cpu/pxa/start.o
                0xa3f00048                _bss_start
                0xa3f0004c                _bss_end
                0xa3f00044                _armboot_start
                0xa3f00000                _start
                0xa3f00b80                reset_cpu
 board/gumstix/memsetup.o(.text)
 .text          0xa3f00bc0      0x260 board/gumstix/memsetup.o
                0xa3f00bc0                lowlevel_init
 *(.text)
 .text          0xa3f00e20      0x338 cpu/pxa/libpxa.a(interrupts.o)
                0xa3f010a4                set_timer
                0xa3f0108c                reset_timer
                0xa3f0103c                do_fiq
                0xa3f01084                interrupt_init
                0xa3f00f88                do_undefined_instruction
                0xa3f00e48                show_regs
                0xa3f01060                do_irq
                0xa3f01150                get_tbclk
                0xa3f01090                get_timer
                0xa3f010ac                reset_timer_masked
                0xa3f00e2c                bad_mode
                0xa3f010c0                get_timer_masked
                0xa3f010a8                udelay
                0xa3f010d0                udelay_masked
                0xa3f00fd0                do_prefetch_abort
                0xa3f0113c                get_ticks
                0xa3f00e24                disable_interrupts
                0xa3f01018                do_not_used
                0xa3f00ff4                do_data_abort
                0xa3f00fac                do_software_interrupt
                0xa3f00e20                enable_interrupts
 .text          0xa3f01158      0x38c lib_arm/libarm.a(board.o)
                0xa3f014d0                hang
                0xa3f012f0                start_armboot
                0xa3f01194                sbrk
 .text          0xa3f014e4     0x1784 net/libnet.a(net.o)
                0xa3f02c40                getenv_IPaddr
                0xa3f02770                NetCksumOk
                0xa3f01c6c                NetSetTimeout
                0xa3f02a24                copy_filename
                0xa3f027e8                NetEthHdrSize
                0xa3f02a90                ip_to_string
                0xa3f01620                ArpTimeoutCheck
                0xa3f0204c                NetReceive
                0xa3f02ae8                string_to_ip
                0xa3f01cb0                NetSendUDPPacket
                0xa3f02c1c                print_IPaddr
                0xa3f0282c                NetSetEther
                0xa3f016ac                NetLoop
                0xa3f014e4                ArpRequest
                0xa3f02b68                VLAN_to_string
                0xa3f02c50                getenv_VLAN
                0xa3f0279c                NetCksum
                0xa3f028e8                NetSetIP
                0xa3f02bc4                string_to_VLAN
                0xa3f01b50                NetStartAgain
                0xa3f01c5c                NetSetHandler
                0xa3f01e20                PingSend
                0xa3f01cac                NetSendPacket
 .text          0xa3f02c68      0x704 net/libnet.a(tftp.o)
                0xa3f03128                TftpStart
 .text          0xa3f0336c      0xaa4 net/libnet.a(bootp.o)
                0xa3f03e0c                DhcpRequest
                0xa3f036c4                BootpRequest
 .text          0xa3f03e10      0x1a0 net/libnet.a(rarp.o)
                0xa3f03eb0                RarpRequest
 .text          0xa3f03fb0      0x6a4 net/libnet.a(eth.o)
                0xa3f03fc0                eth_get_dev_by_name
                0xa3f04494                eth_halt
                0xa3f0406c                eth_register
                0xa3f03fb0                eth_get_dev
                0xa3f04538                eth_try_another
                0xa3f04368                eth_set_enetaddr
                0xa3f0410c                eth_initialize
                0xa3f045c0                eth_set_current
                0xa3f04504                eth_rx
                0xa3f04018                eth_get_dev_index
                0xa3f04420                eth_init
                0xa3f04634                eth_get_name
                0xa3f044c4                eth_send
 .text          0xa3f04654     0x1090 net/libnet.a(nfs.o)
                0xa3f0543c                NfsStart
 .text          0xa3f056e4     0x1800 drivers/libdrivers.a(cfi_flash.o)
                0xa3f067a0                flash_get_size
                0xa3f056e4                flash_read_ushort
                0xa3f05838                flash_erase
                0xa3f05e70                flash_read_user_serial
                0xa3f0575c                flash_init
                0xa3f059f0                flash_print_info
                0xa3f05714                flash_read_long
                0xa3f05d80                flash_real_protect
                0xa3f06ec8                flash_read_uchar
                0xa3f06eac                flash_make_addr
                0xa3f05ee4                flash_read_factory_serial
                0xa3f05b28                write_buff
 .text          0xa3f06ee4      0x614 drivers/libdrivers.a(netconsole.o)
                0xa3f06f30                NcStart
                0xa3f071d0                nc_start
                0xa3f0700c                nc_input_packet
                0xa3f07470                drv_nc_init
                0xa3f073e4                nc_tstc
                0xa3f0730c                nc_puts
                0xa3f07350                nc_getc
                0xa3f072c8                nc_putc
 .text          0xa3f074f8      0xf4c drivers/libdrivers.a(smc91111.o)
                0xa3f083dc                get_rom_mac
                0xa3f079b0                smc_destructor
                0xa3f074f8                smc_set_mac_addr
                0xa3f079b4                smc_initialize
                0xa3f081c4                smc_get_ethaddr
                0xa3f0751c                dump_memory_info
 .text          0xa3f08444      0xa14 common/libcommon.a(main.o)
                0xa3f08ae0                run_command
                0xa3f08cc8                do_run
                0xa3f08528                readline
                0xa3f08444                main_loop
 .text          0xa3f08e58      0x214 common/libcommon.a(cmd_autoscript.o)
                0xa3f0902c                do_autoscript
                0xa3f08e58                autoscript
 .text          0xa3f0906c       0xe8 common/libcommon.a(cmd_bdinfo.o)
                0xa3f0906c                do_bdinfo
 .text          0xa3f09154       0x8c common/libcommon.a(cmd_boot.o)
                0xa3f09154                do_go
 .text          0xa3f091e0      0xf7c common/libcommon.a(cmd_bootm.o)
                0xa3f09b1c                print_image_hdr
                0xa3f0994c                do_bootd
                0xa3f09f20                gunzip
                0xa3f091e0                do_bootm
                0xa3f09970                do_iminfo
 .text          0xa3f0a15c      0x160 common/libcommon.a(cmd_cache.o)
                0xa3f0a1e8                do_dcache
                0xa3f0a15c                do_icache
 .text          0xa3f0a2bc       0xd8 common/libcommon.a(cmd_console.o)
                0xa3f0a2bc                do_coninfo
 .text          0xa3f0a394      0x3a0 common/libcommon.a(cmd_elf.o)
                0xa3f0a394                do_bootelf
                0xa3f0a444                do_bootvx
                0xa3f0a5c4                valid_elf_image
                0xa3f0a618                load_elf_image
 .text          0xa3f0a734      0x3f4 common/libcommon.a(cmd_fat.o)
                0xa3f0a79c                do_fat_fsload
                0xa3f0aa40                do_fat_fsinfo
                0xa3f0a92c                do_fat_ls
                0xa3f0a734                get_dev
 .text          0xa3f0ab28      0xd78 common/libcommon.a(cmd_flash.o)
                0xa3f0b020                do_flinfo
                0xa3f0b328                flash_sect_erase
                0xa3f0b420                do_protect
                0xa3f0b100                do_flerase
                0xa3f0b76c                flash_sect_protect
                0xa3f0b0c0                jffs2_write_header
 .text          0xa3f0b8a0      0xfbc common/libcommon.a(cmd_ide.o)
                0xa3f0c420                ide_read
                0xa3f0bcdc                do_diskboot
                0xa3f0b8a0                do_ide
                0xa3f0c234                ide_get_dev
                0xa3f0c07c                ide_init
                0xa3f0c620                ide_write
 .text          0xa3f0c85c      0x34c common/libcommon.a(cmd_itest.o)
                0xa3f0ca4c                binary_test
                0xa3f0caf4                do_itest
 .text          0xa3f0cba8      0x648 common/libcommon.a(cmd_jffs2.o)
                0xa3f0ccfc                mtdparts_init
                0xa3f0cc14                id_parse
                0xa3f0d148                do_jffs2_fsinfo
                0xa3f0d0c0                do_jffs2_ls
                0xa3f0cf30                do_jffs2_fsload
 .text          0xa3f0d1f0      0xfb0 common/libcommon.a(cmd_load.o)
                0xa3f0dc48                k_data_init
                0xa3f0d9fc                s1_sendpacket
                0xa3f0dd1c                handle_send_packet
                0xa3f0d550                do_save_serial
                0xa3f0dc8c                k_data_restore
                0xa3f0da94                send_nack
                0xa3f0d74c                do_load_serial_bin
                0xa3f0dca8                k_data_char
                0xa3f0d9c8                chk1
                0xa3f0dc70                k_data_save
                0xa3f0d99c                ktrans
                0xa3f0d960                send_pad
                0xa3f0da2c                send_ack
                0xa3f0d1f0                do_load_serial
 .text          0xa3f0e1a0      0xf30 common/libcommon.a(cmd_mem.o)
                0xa3f0ea74                do_mem_base
                0xa3f0e4c8                do_mem_mw
                0xa3f0ef90                do_mem_crc
                0xa3f0e49c                do_mem_nm
                0xa3f0e470                do_mem_mm
                0xa3f0e86c                do_mem_cp
                0xa3f0ecf8                do_mem_mtest
                0xa3f0e6c0                do_mem_cmp
                0xa3f0e1a0                cmd_get_data_size
                0xa3f0eabc                do_mem_loop
                0xa3f0ebd0                do_mem_loopw
                0xa3f0e264                do_mem_md
                0xa3f0e5a0                do_mem_mdc
                0xa3f0e630                do_mem_mwc
 .text          0xa3f0f0d0       0x94 common/libcommon.a(cmd_misc.o)
                0xa3f0f0d0                do_sleep
 .text          0xa3f0f164       0x30 common/libcommon.a(cmd_mmc.o)
                0xa3f0f164                do_mmc
 .text          0xa3f0f194      0x3ac common/libcommon.a(cmd_net.o)
                0xa3f0f1ac                do_rarpb
                0xa3f0f4ac                do_ping
                0xa3f0f1a0                do_tftpb
                0xa3f0f1b8                do_dhcp
                0xa3f0f194                do_bootp
                0xa3f0f1c4                do_nfs
 .text          0xa3f0f540      0x954 common/libcommon.a(cmd_nvedit.o)
                0xa3f0fcc0                getenv
                0xa3f0f708                _do_setenv
                0xa3f0fd38                getenv_r
                0xa3f0f540                do_printenv
                0xa3f0fc40                setenv
                0xa3f0fdf4                do_saveenv
                0xa3f0fc80                do_setenv
 .text          0xa3f0fe94      0x788 common/libcommon.a(cmd_pcmcia.o)
                0xa3f0ff34                pxa_gpio_mode
                0xa3f0ff24                msWait
                0xa3f0fe94                do_pinit
                0xa3f10000                setup_pcmcia_gpios
                0xa3f100d0                pcmcia_on
 .text          0xa3f1061c      0x818 common/libcommon.a(command.o)
                0xa3f1063c                do_echo
                0xa3f10b98                do_exit
                0xa3f10d8c                find_cmd
                0xa3f106c4                do_test
                0xa3f10bc8                do_help
                0xa3f1061c                do_version
 .text          0xa3f10e34      0x5cc common/libcommon.a(console.o)
                0xa3f112d8                console_init_r
                0xa3f11090                printf
                0xa3f1118c                console_assign
                0xa3f1100c                getc
                0xa3f11250                search_device
                0xa3f11068                puts
                0xa3f113f4                dbg
                0xa3f10ee8                serial_printf
                0xa3f10f48                ftstc
                0xa3f10fcc                fprintf
                0xa3f11024                tstc
                0xa3f110c8                vprintf
                0xa3f110f4                ctrlc
                0xa3f1103c                putc
                0xa3f11150                disable_ctrlc
                0xa3f10f20                fgetc
                0xa3f11168                had_ctrlc
                0xa3f10f70                fputc
                0xa3f11220                console_init_f
                0xa3f11178                clear_ctrlc
                0xa3f10fa0                fputs
 .text          0xa3f11400      0x168 common/libcommon.a(devices.o)
                0xa3f11408                nulldev_input
                0xa3f11400                nulldev_putc
                0xa3f11404                nulldev_puts
                0xa3f114dc                device_register
                0xa3f1154c                devices_done
                0xa3f11500                devices_init
 .text          0xa3f11568     0x10e8 common/libcommon.a(dlmalloc.o)
                0xa3f11758                malloc
                0xa3f123c4                pvalloc
                0xa3f123dc                calloc
                0xa3f125a0                malloc_usable_size
                0xa3f11e40                realloc
                0xa3f124b8                malloc_trim
                0xa3f11568                malloc_bin_reloc
                0xa3f125e0                mallopt
                0xa3f122a4                memalign
                0xa3f124b4                cfree
                0xa3f123b8                valloc
                0xa3f11bfc                free
 .text          0xa3f12650      0x12c common/libcommon.a(env_common.o)
                0xa3f126c4                env_get_addr
                0xa3f126e4                env_relocate
                0xa3f12650                env_crc_update
                0xa3f126a4                env_get_char_memory
 .text          0xa3f1277c      0x188 common/libcommon.a(env_flash.o)
                0xa3f128e4                env_relocate_spec
                0xa3f127dc                saveenv
                0xa3f1277c                env_get_char_spec
                0xa3f12788                env_init
 .text          0xa3f12904       0x90 common/libcommon.a(exports.o)
                0xa3f12910                jumptable_init
                0xa3f12908                get_version
 .text          0xa3f12994      0x3f8 common/libcommon.a(flash.o)
                0xa3f12af4                flash_write
                0xa3f12994                flash_protect
                0xa3f12aac                addr2info
                0xa3f12ca0                flash_perror
 .text          0xa3f12d8c     0x1e3c common/libcommon.a(hush.o)
                0xa3f13b7c                new_pipe
                0xa3f14490                mapset
                0xa3f146c8                parse_string_outer
                0xa3f144b8                update_ifs_map
                0xa3f14798                parse_file_outer
                0xa3f12edc                simple_itoa
                0xa3f13bdc                reserved_word
                0xa3f147f0                u_boot_hush_start
 .text          0xa3f14bc8      0x43c common/libcommon.a(lists.o)
                0xa3f14c30                DisposeHandle
                0xa3f14e18                ListDispose
                0xa3f14e24                ListInsertItems
                0xa3f14e04                ListSetAllocationPolicy
                0xa3f14fec                ListGetItemSize
                0xa3f14fe0                ListGetDataPtr
                0xa3f14bc8                NewHandle
                0xa3f14c60                SetHandleSize
                0xa3f14e1c                ListInsertItem
                0xa3f14c58                GetHandleSize
                0xa3f14ff8                ListNumItems
                0xa3f14fb0                ListGetPtrToItem
                0xa3f14da4                ListCreate
                0xa3f14f64                ListGetItems
 .text          0xa3f15004      0x308 common/libcommon.a(s_record.o)
                0xa3f15004                srec_decode
 .text          0xa3f1530c      0x1f0 lib_generic/libgeneric.a(crc32.o)
                0xa3f1530c                crc32
                0xa3f15408                crc32_no_comp
 .text          0xa3f154fc       0xb4 lib_generic/libgeneric.a(display_options.o)
                0xa3f154fc                display_options
                0xa3f1551c                print_size
 .text          0xa3f155b0      0x68c lib_generic/libgeneric.a(string.o)
                0xa3f1563c                strcpy
                0xa3f15b78                memscan
                0xa3f15ae0                memmove
                0xa3f15ab8                memcpy
                0xa3f15a08                strswab
                0xa3f15828                strnlen
                0xa3f157cc                strrchr
                0xa3f15688                strcat
                0xa3f15c08                memchr
                0xa3f15b9c                strstr
                0xa3f15750                strncmp
                0xa3f1565c                strncpy
                0xa3f15a8c                bcopy
                0xa3f15950                strtok
                0xa3f15b40                memcmp
                0xa3f156c0                strncat
                0xa3f15868                strdup
                0xa3f15a68                memset
                0xa3f15720                strcmp
                0xa3f159d0                strsep
                0xa3f155b0                strnicmp
                0xa3f158a8                strspn
                0xa3f15804                strlen
                0xa3f15798                strchr
                0xa3f15908                strpbrk
 .text          0xa3f15c3c      0x8c0 lib_generic/libgeneric.a(vsprintf.o)
                0xa3f15f9c                vsprintf
                0xa3f15ce8                simple_strtol
                0xa3f164b4                panic
                0xa3f16494                sprintf
                0xa3f15c3c                simple_strtoul
 .text          0xa3f164fc     0x2b74 lib_generic/libgeneric.a(zlib.o)
                0xa3f166ac                inflate
                0xa3f165d4                inflateInit2
                0xa3f16a70                inflateIncomp
                0xa3f18ef8                adler32
                0xa3f164fc                inflateReset
                0xa3f16a90                inflateSync
                0xa3f166a4                inflateInit
                0xa3f16564                inflateEnd
 .text          0xa3f19070      0x294 board/gumstix/libgumstix.a(gumstix.o)
                0xa3f190d0                dram_init
                0xa3f190f0                get_board_serial
                0xa3f19070                board_init
                0xa3f1921c                misc_init_r
                0xa3f19144                gumstix_serial_hash
 .text          0xa3f19304      0x184 cpu/pxa/libpxa.a(serial.o)
                0xa3f19304                serial_setbrg
                0xa3f19420                serial_tstc
                0xa3f193ec                serial_putc
                0xa3f193dc                serial_init
                0xa3f1945c                serial_puts
                0xa3f19434                serial_getc
 .text          0xa3f19488      0x114 cpu/pxa/libpxa.a(cpu.o)
                0xa3f19490                cleanup_before_linux
                0xa3f19510                dcache_enable
                0xa3f19488                cpu_init
                0xa3f194e0                icache_enable
                0xa3f194b0                do_reset
                0xa3f194f0                icache_disable
                0xa3f19520                set_GPIO_mode
                0xa3f19518                dcache_status
                0xa3f19504                icache_status
                0xa3f19514                dcache_disable
 .text          0xa3f1959c      0x9e8 cpu/pxa/libpxa.a(mmc.o)
                0xa3f19f68                mmc_ident
                0xa3f196f8                mmc_block_read
                0xa3f19aac                mmc_write
                0xa3f19c38                mmc_init
                0xa3f1959c                mmc_get_dev
                0xa3f19f70                mmc2info
                0xa3f19c10                mmc_bread
                0xa3f19990                mmc_read
                0xa3f19824                mmc_block_write
 .text          0xa3f19f84       0x98 lib_arm/libarm.a(_udivsi3.o)
                0xa3f19f84                __udivsi3
 .text          0xa3f1a01c       0xb4 lib_arm/libarm.a(_umodsi3.o)
                0xa3f1a01c                __umodsi3
 .text          0xa3f1a0d0      0x51c lib_arm/libarm.a(armlinux.o)
                0xa3f1a580                setup_serial_tag
                0xa3f1a0d0                do_bootm_linux
 .text          0xa3f1a5ec        0x4 lib_arm/libarm.a(cache.o)
                0xa3f1a5ec                flush_cache
 .text          0xa3f1a5f0        0x4 lib_arm/libarm.a(div0.o)
                0xa3f1a5f0                __div0
 .text          0xa3f1a5f4      0x81c fs/cramfs/libcramfs.a(cramfs.o)
                0xa3f1acd4                cramfs_info
                0xa3f1ada0                cramfs_check
                0xa3f1a908                cramfs_load
                0xa3f1ab54                cramfs_ls
 .text          0xa3f1ae10       0xe4 fs/cramfs/libcramfs.a(uncompress.o)
                0xa3f1aedc                cramfs_uncompress_exit
                0xa3f1ae2c                cramfs_uncompress_block
                0xa3f1ae78                cramfs_uncompress_init
 .text          0xa3f1aef4     0x1378 fs/fat/libfat.a(fat.o)
                0xa3f1c234                file_fat_read
                0xa3f1bb04                do_fat_read
                0xa3f1c224                file_fat_ls
                0xa3f1c0dc                file_fat_detectfs
                0xa3f1af20                disk_read
                0xa3f1af88                fat_register_device
 .text          0xa3f1c26c     0x1c08 fs/jffs2/libjffs2.a(jffs2_1pass.o)
                0xa3f1db08                jffs2_1pass_load
                0xa3f1dbcc                jffs2_1pass_info
                0xa3f1daac                jffs2_1pass_ls
                0xa3f1d468                jffs2_1pass_rescan_needed
                0xa3f1c950                mkmodestr
                0xa3f1c444                jffs2_free_cache
 .text          0xa3f1de74       0xd4 fs/jffs2/libjffs2.a(compr_rtime.o)
                0xa3f1de74                rtime_decompress
 .text          0xa3f1df48      0x134 fs/jffs2/libjffs2.a(compr_rubin.o)
                0xa3f1e030                dynrubin_decompress
                0xa3f1df48                rubin_do_decompress
 .text          0xa3f1e07c       0x18 fs/jffs2/libjffs2.a(compr_zlib.o)
                0xa3f1e07c                zlib_decompress
 .text          0xa3f1e094      0xe60 fs/jffs2/libjffs2.a(mini_inflate.o)
                0xa3f1ed18                decompress_block
                0xa3f1ee4c                pull_bits
                0xa3f1eeb4                pull_bit
                0xa3f1ee30                cramfs_memset
 .text          0xa3f1eef4      0x2b8 disk/libdisk.a(part.o)
                0xa3f1eef4                dev_print
                0xa3f1f16c                print_part
                0xa3f1f0a4                get_partition_info
                0xa3f1f088                init_part
 .text          0xa3f1f1ac      0x5d8 disk/libdisk.a(part_dos.o)
                0xa3f1f754                get_partition_info_dos
                0xa3f1f728                print_part_dos
                0xa3f1f2a4                test_part_dos

.glue_7         0xa3f1f784        0x0

.glue_7t        0xa3f1f784        0x0
                0xa3f1f784                . = ALIGN (0x4)

.rodata         0xa3f1f784      0x67c
 *(.rodata)
 .rodata        0xa3f1f784       0x80 cpu/pxa/libpxa.a(interrupts.o)
 .rodata        0xa3f1f804       0x50 lib_arm/libarm.a(board.o)
                0xa3f1f804                version_string
 .rodata        0xa3f1f854        0x8 net/libnet.a(net.o)
 .rodata        0xa3f1f85c        0x8 net/libnet.a(eth.o)
 .rodata        0xa3f1f864        0xc common/libcommon.a(main.o)
 .rodata        0xa3f1f870        0xc common/libcommon.a(cmd_flash.o)
 .rodata        0xa3f1f87c       0x18 common/libcommon.a(cmd_nvedit.o)
 .rodata        0xa3f1f894       0xc0 common/libcommon.a(cmd_pcmcia.o)
 .rodata        0xa3f1f954      0x400 lib_generic/libgeneric.a(crc32.o)
 .rodata        0xa3f1fd54        0x8 board/gumstix/libgumstix.a(gumstix.o)
 .rodata        0xa3f1fd5c       0xa4 fs/jffs2/libjffs2.a(jffs2_1pass.o)

.rodata.str1.4  0xa3f1fe00     0x5d25
 .rodata.str1.4
                0xa3f1fe00      0x297 cpu/pxa/libpxa.a(interrupts.o)
                                0x29c (size before relaxing)
 *fill*         0xa3f20097        0x1 00
 .rodata.str1.4
                0xa3f20098       0xca lib_arm/libarm.a(board.o)
                                 0xd0 (size before relaxing)
 *fill*         0xa3f20162        0x2 00
 .rodata.str1.4
                0xa3f20164      0x243 net/libnet.a(net.o)
                                0x244 (size before relaxing)
 *fill*         0xa3f203a7        0x1 00
 .rodata.str1.4
                0xa3f203a8      0x1cb net/libnet.a(tftp.o)
                                0x1e8 (size before relaxing)
 *fill*         0xa3f20573        0x1 00
 .rodata.str1.4
                0xa3f20574       0xd5 net/libnet.a(bootp.o)
                                0x10c (size before relaxing)
 *fill*         0xa3f20649        0x3 00
 .rodata.str1.4
                0xa3f2064c       0x13 net/libnet.a(rarp.o)
                                 0x4c (size before relaxing)
 *fill*         0xa3f2065f        0x1 00
 .rodata.str1.4
                0xa3f20660       0xf0 net/libnet.a(eth.o)
                                 0xfc (size before relaxing)
 .rodata.str1.4
                0xa3f20750      0x125 net/libnet.a(nfs.o)
                                0x1c4 (size before relaxing)
 *fill*         0xa3f20875        0x3 00
 .rodata.str1.4
                0xa3f20878      0x2cd drivers/libdrivers.a(cfi_flash.o)
                                0x2d0 (size before relaxing)
 *fill*         0xa3f20b45        0x3 00
 .rodata.str1.4
                0xa3f20b48        0xb drivers/libdrivers.a(netconsole.o)
                                 0x1c (size before relaxing)
 *fill*         0xa3f20b53        0x1 00
 .rodata.str1.4
                0xa3f20b54      0x241 drivers/libdrivers.a(smc91111.o)
                                0x24c (size before relaxing)
 *fill*         0xa3f20d95        0x3 00
 .rodata.str1.4
                0xa3f20d98       0xf8 common/libcommon.a(main.o)
                                 0xfc (size before relaxing)
 .rodata.str1.4
                0xa3f20e90       0xf7 common/libcommon.a(cmd_autoscript.o)
                                 0xf8 (size before relaxing)
 *fill*         0xa3f20f87        0x1 00
 .rodata.str1.4
                0xa3f20f88       0xbe common/libcommon.a(cmd_bdinfo.o)
                                 0xc0 (size before relaxing)
 *fill*         0xa3f21046        0x2 00
 .rodata.str1.4
                0xa3f21048      0x10c common/libcommon.a(cmd_boot.o)
                                0x118 (size before relaxing)
 .rodata.str1.4
                0xa3f21154      0x7ef common/libcommon.a(cmd_bootm.o)
                                0x830 (size before relaxing)
 *fill*         0xa3f21943        0x1 00
 .rodata.str1.4
                0xa3f21944      0x125 common/libcommon.a(cmd_cache.o)
                                0x13c (size before relaxing)
 *fill*         0xa3f21a69        0x3 00
 .rodata.str1.4
                0xa3f21a6c       0x6d common/libcommon.a(cmd_console.o)
                                 0x74 (size before relaxing)
 *fill*         0xa3f21ad9        0x3 00
 .rodata.str1.4
                0xa3f21adc      0x2d5 common/libcommon.a(cmd_elf.o)
                                0x2f0 (size before relaxing)
 *fill*         0xa3f21db1        0x3 00
 .rodata.str1.4
                0xa3f21db4      0x3e1 common/libcommon.a(cmd_fat.o)
                                0x3f8 (size before relaxing)
 *fill*         0xa3f22195        0x3 00
 .rodata.str1.4
                0xa3f22198      0x857 common/libcommon.a(cmd_flash.o)
                                0x8a8 (size before relaxing)
 *fill*         0xa3f229ef        0x1 00
 .rodata.str1.4
                0xa3f229f0      0x4e7 common/libcommon.a(cmd_ide.o)
                                0x548 (size before relaxing)
 *fill*         0xa3f22ed7        0x1 00
 .rodata.str1.4
                0xa3f22ed8       0xcf common/libcommon.a(cmd_itest.o)
                                 0xdc (size before relaxing)
 *fill*         0xa3f22fa7        0x1 00
 .rodata.str1.4
                0xa3f22fa8      0x31b common/libcommon.a(cmd_jffs2.o)
                                0x33c (size before relaxing)
 *fill*         0xa3f232c3        0x1 00
 .rodata.str1.4
                0xa3f232c4      0x474 common/libcommon.a(cmd_load.o)
                                0x490 (size before relaxing)
 .rodata.str1.4
                0xa3f23738      0x858 common/libcommon.a(cmd_mem.o)
                                0x874 (size before relaxing)
 .rodata.str1.4
                0xa3f23f90       0x70 common/libcommon.a(cmd_misc.o)
                                 0x7c (size before relaxing)
 .rodata.str1.4
                0xa3f24000       0x35 common/libcommon.a(cmd_mmc.o)
                                 0x38 (size before relaxing)
 *fill*         0xa3f24035        0x3 00
 .rodata.str1.4
                0xa3f24038      0x235 common/libcommon.a(cmd_net.o)
                                0x2bc (size before relaxing)
 *fill*         0xa3f2426d        0x3 00
 .rodata.str1.4
                0xa3f24270      0x30b common/libcommon.a(cmd_nvedit.o)
                                0x3a4 (size before relaxing)
 *fill*         0xa3f2457b        0x1 00
 .rodata.str1.4
                0xa3f2457c      0x216 common/libcommon.a(cmd_pcmcia.o)
                                0x220 (size before relaxing)
 *fill*         0xa3f24792        0x2 00
 .rodata.str1.4
                0xa3f24794      0x324 common/libcommon.a(command.o)
                                0x34c (size before relaxing)
 .rodata.str1.4
                0xa3f24ab8        0x7 common/libcommon.a(console.o)
                                 0x10 (size before relaxing)
 *fill*         0xa3f24abf        0x1 00
 .rodata.str1.4
                0xa3f24ac0       0x28 common/libcommon.a(devices.o)
                                 0x50 (size before relaxing)
 .rodata.str1.4
                0xa3f24ae8       0x1c common/libcommon.a(env_common.o)
 .rodata.str1.4
                0xa3f24b04       0x31 common/libcommon.a(env_flash.o)
                                 0x3c (size before relaxing)
 *fill*         0xa3f24b35        0x3 00
 .rodata.str1.4
                0xa3f24b38      0x108 common/libcommon.a(flash.o)
                                0x120 (size before relaxing)
 .rodata.str1.4
                0xa3f24c40      0x18e common/libcommon.a(hush.o)
                                0x1ec (size before relaxing)
 *fill*         0xa3f24dce        0x2 00
 .rodata.str1.4
                0xa3f24dd0       0x17 lib_generic/libgeneric.a(display_options.o)
                                 0x20 (size before relaxing)
 *fill*         0xa3f24de7        0x1 00
 .rodata.str1.4
                0xa3f24de8       0x57 lib_generic/libgeneric.a(vsprintf.o)
                                 0x58 (size before relaxing)
 *fill*         0xa3f24e3f        0x1 00
 .rodata.str1.4
                0xa3f24e40      0x20f lib_generic/libgeneric.a(zlib.o)
                                0x214 (size before relaxing)
 *fill*         0xa3f2504f        0x1 00
 .rodata.str1.4
                0xa3f25050       0x29 board/gumstix/libgumstix.a(gumstix.o)
                                 0x34 (size before relaxing)
 *fill*         0xa3f25079        0x3 00
 .rodata.str1.4
                0xa3f2507c        0xf cpu/pxa/libpxa.a(cpu.o)
                                 0x10 (size before relaxing)
 *fill*         0xa3f2508b        0x1 00
 .rodata.str1.4
                0xa3f2508c      0x102 cpu/pxa/libpxa.a(mmc.o)
                                0x108 (size before relaxing)
 *fill*         0xa3f2518e        0x2 00
 .rodata.str1.4
                0xa3f25190       0x5b lib_arm/libarm.a(armlinux.o)
                                 0xc4 (size before relaxing)
 *fill*         0xa3f251eb        0x1 00
 .rodata.str1.4
                0xa3f251ec      0x1ac fs/cramfs/libcramfs.a(cramfs.o)
                                0x1b4 (size before relaxing)
 .rodata.str1.4
                0xa3f25398       0x24 fs/cramfs/libcramfs.a(uncompress.o)
 .rodata.str1.4
                0xa3f253bc      0x188 fs/fat/libfat.a(fat.o)
                                0x18c (size before relaxing)
 .rodata.str1.4
                0xa3f25544      0x36b fs/jffs2/libjffs2.a(jffs2_1pass.o)
                                0x388 (size before relaxing)
 *fill*         0xa3f258af        0x1 00
 .rodata.str1.4
                0xa3f258b0      0x17c disk/libdisk.a(part.o)
                                0x19c (size before relaxing)
 .rodata.str1.4
                0xa3f25a2c       0xf9 disk/libdisk.a(part_dos.o)
                                0x10c (size before relaxing)
                0xa3f25b28                . = ALIGN (0x4)

.data           0xa3f25b28      0xc0b
 *(.data)
 .data          0xa3f25b28       0x2c lib_arm/libarm.a(board.o)
                0xa3f25b28                init_sequence
 .data          0xa3f25b54        0xa net/libnet.a(net.o)
                0xa3f25b54                NetBcastAddr
                0xa3f25b5c                NetOurNativeVLAN
                0xa3f25b5a                NetOurVLAN
 *fill*         0xa3f25b5e        0x2 00
 .data          0xa3f25b60        0x4 net/libnet.a(nfs.o)
 .data          0xa3f25b64        0x6 drivers/libdrivers.a(smc91111.o)
 *fill*         0xa3f25b6a        0x2 00
 .data          0xa3f25b6c       0x10 common/libcommon.a(main.o)
 .data          0xa3f25b7c        0x4 common/libcommon.a(cmd_bootm.o)
                0xa3f25b7c                load_addr
 .data          0xa3f25b80        0x4 common/libcommon.a(cmd_ide.o)
 .data          0xa3f25b84       0x68 common/libcommon.a(cmd_itest.o)
                0xa3f25b84                op_table
 .data          0xa3f25bec        0x4 common/libcommon.a(cmd_load.o)
 .data          0xa3f25bf0        0x4 common/libcommon.a(cmd_mem.o)
                0xa3f25bf0                dp_last_length
 .data          0xa3f25bf4        0xc common/libcommon.a(cmd_pcmcia.o)
                0xa3f25bf4                indent
 .data          0xa3f25c00        0xc common/libcommon.a(devices.o)
                0xa3f25c00                stdio_names
 .data          0xa3f25c0c      0x414 common/libcommon.a(dlmalloc.o)
 .data          0xa3f26020      0x280 common/libcommon.a(env_common.o)
                0xa3f26020                env_get_char
                0xa3f26024                default_environment
 .data          0xa3f262a0        0xc common/libcommon.a(env_flash.o)
                0xa3f262a0                env_name_spec
                0xa3f262a4                env_ptr
 .data          0xa3f262ac       0xac common/libcommon.a(hush.o)
 .data          0xa3f26358      0x100 lib_generic/libgeneric.a(ctype.o)
                0xa3f26358                _ctype
 .data          0xa3f26458      0x2a0 lib_generic/libgeneric.a(zlib.o)
                0xa3f266d4                zlib_version
                0xa3f266d8                z_errmsg
 .data          0xa3f266f8        0x4 fs/fat/libfat.a(fat.o)
 .data          0xa3f266fc       0x24 fs/jffs2/libjffs2.a(jffs2_1pass.o)
 .data          0xa3f26720       0x13 fs/jffs2/libjffs2.a(mini_inflate.o)
                0xa3f26734                . = ALIGN (0x4)

.got
 *(.got)
                0xa3f26734                __u_boot_cmd_start = .

.u_boot_cmd     0xa3f26734      0x5b8
 *(.u_boot_cmd)
 .u_boot_cmd    0xa3f26734       0x18 common/libcommon.a(cmd_autoscript.o)
                0xa3f26734                __u_boot_cmd_autoscr
 .u_boot_cmd    0xa3f2674c       0x18 common/libcommon.a(cmd_bdinfo.o)
                0xa3f2674c                __u_boot_cmd_bdinfo
 .u_boot_cmd    0xa3f26764       0x30 common/libcommon.a(cmd_boot.o)
                0xa3f2677c                __u_boot_cmd_reset
                0xa3f26764                __u_boot_cmd_go
 .u_boot_cmd    0xa3f26794       0x60 common/libcommon.a(cmd_bootm.o)
                0xa3f26794                __u_boot_cmd_bootm
                0xa3f267dc                __u_boot_cmd_iminfo
                0xa3f267c4                __u_boot_cmd_bootd
                0xa3f267ac                __u_boot_cmd_boot
 .u_boot_cmd    0xa3f267f4       0x30 common/libcommon.a(cmd_cache.o)
                0xa3f2680c                __u_boot_cmd_dcache
                0xa3f267f4                __u_boot_cmd_icache
 .u_boot_cmd    0xa3f26824       0x18 common/libcommon.a(cmd_console.o)
                0xa3f26824                __u_boot_cmd_coninfo
 .u_boot_cmd    0xa3f2683c       0x30 common/libcommon.a(cmd_elf.o)
                0xa3f26854                __u_boot_cmd_bootvx
                0xa3f2683c                __u_boot_cmd_bootelf
 .u_boot_cmd    0xa3f2686c       0x48 common/libcommon.a(cmd_fat.o)
                0xa3f2689c                __u_boot_cmd_fatinfo
                0xa3f2686c                __u_boot_cmd_fatload
                0xa3f26884                __u_boot_cmd_fatls
 .u_boot_cmd    0xa3f268b4       0x60 common/libcommon.a(cmd_flash.o)
                0xa3f268b4                __u_boot_cmd_flinfo
                0xa3f268cc                __u_boot_cmd_erase
                0xa3f268fc                __u_boot_cmd_protect
                0xa3f268e4                __u_boot_cmd_jerase
 .u_boot_cmd    0xa3f26914       0x30 common/libcommon.a(cmd_ide.o)
                0xa3f26914                __u_boot_cmd_ide
                0xa3f2692c                __u_boot_cmd_diskboot
 .u_boot_cmd    0xa3f26944       0x18 common/libcommon.a(cmd_itest.o)
                0xa3f26944                __u_boot_cmd_itest
 .u_boot_cmd    0xa3f2695c       0x48 common/libcommon.a(cmd_jffs2.o)
                0xa3f2698c                __u_boot_cmd_fsinfo
                0xa3f2695c                __u_boot_cmd_fsload
                0xa3f26974                __u_boot_cmd_ls
 .u_boot_cmd    0xa3f269a4       0x48 common/libcommon.a(cmd_load.o)
                0xa3f269bc                __u_boot_cmd_saves
                0xa3f269d4                __u_boot_cmd_loadb
                0xa3f269a4                __u_boot_cmd_loads
 .u_boot_cmd    0xa3f269ec      0x138 common/libcommon.a(cmd_mem.o)
                0xa3f269ec                __u_boot_cmd_md
                0xa3f26a64                __u_boot_cmd_cmp
                0xa3f26a34                __u_boot_cmd_mw
                0xa3f26aac                __u_boot_cmd_loop
                0xa3f26a94                __u_boot_cmd_base
                0xa3f26a04                __u_boot_cmd_mm
                0xa3f26ac4                __u_boot_cmd_loopw
                0xa3f26af4                __u_boot_cmd_mdc
                0xa3f26a7c                __u_boot_cmd_crc32
                0xa3f26b0c                __u_boot_cmd_mwc
                0xa3f26a1c                __u_boot_cmd_nm
                0xa3f26adc                __u_boot_cmd_mtest
                0xa3f26a4c                __u_boot_cmd_cp
 .u_boot_cmd    0xa3f26b24       0x18 common/libcommon.a(cmd_misc.o)
                0xa3f26b24                __u_boot_cmd_sleep
 .u_boot_cmd    0xa3f26b3c       0x18 common/libcommon.a(cmd_mmc.o)
                0xa3f26b3c                __u_boot_cmd_mmcinit
 .u_boot_cmd    0xa3f26b54       0x90 common/libcommon.a(cmd_net.o)
                0xa3f26bb4                __u_boot_cmd_nfs
                0xa3f26bcc                __u_boot_cmd_ping
                0xa3f26b84                __u_boot_cmd_rarpboot
                0xa3f26b6c                __u_boot_cmd_tftpboot
                0xa3f26b54                __u_boot_cmd_bootp
                0xa3f26b9c                __u_boot_cmd_dhcp
 .u_boot_cmd    0xa3f26be4       0x60 common/libcommon.a(cmd_nvedit.o)
                0xa3f26c2c                __u_boot_cmd_run
                0xa3f26c14                __u_boot_cmd_saveenv
                0xa3f26be4                __u_boot_cmd_printenv
                0xa3f26bfc                __u_boot_cmd_setenv
 .u_boot_cmd    0xa3f26c44       0x18 common/libcommon.a(cmd_pcmcia.o)
                0xa3f26c44                __u_boot_cmd_pinit
 .u_boot_cmd    0xa3f26c5c       0x90 common/libcommon.a(command.o)
                0xa3f26ca4                __u_boot_cmd_exit
                0xa3f26c74                __u_boot_cmd_echo
                0xa3f26cd4                __u_boot_cmd_question_mark
                0xa3f26c5c                __u_boot_cmd_version
                0xa3f26cbc                __u_boot_cmd_help
                0xa3f26c8c                __u_boot_cmd_test
                0xa3f26cec                __u_boot_cmd_end = .
                0xa3f26cec                . = ALIGN (0x4)
                0xa3f26cec                __bss_start = .

.bss            0xa3f26cec    0x3511c
 *(.bss)
 .bss           0xa3f26cec       0x10 lib_arm/libarm.a(board.o)
                0xa3f26cf8                monitor_flash_len
 .bss           0xa3f26cfc     0x25dc net/libnet.a(net.o)
                0xa3f292d0                NetArpWaitTry
                0xa3f28ca0                NetArpWaitPacketMAC
                0xa3f26db4                NetOurEther
                0xa3f26dbc                NetOurIP
                0xa3f26e64                NetPingIP
                0xa3f26dc0                NetServerIP
                0xa3f28ca8                NetArpWaitTxPacketSize
                0xa3f28c9c                NetArpWaitReplyIP
                0xa3f26dc4                NetRxPackets
                0xa3f28ca4                NetArpWaitTxPacket
                0xa3f26d08                NetOurNISDomain
                0xa3f28c98                NetArpWaitPacketIP
                0xa3f26de0                NetState
                0xa3f26de4                BootFile
                0xa3f26d8a                NetServerEther
                0xa3f26cfc                NetOurSubnetMask
                0xa3f26d88                NetBootFileSize
                0xa3f26ddc                NetIPID
                0xa3f26d28                NetOurHostName
                0xa3f26dd4                NetRxPkt
                0xa3f26d00                NetOurGatewayIP
                0xa3f26d90                NetEtherNullAddr
                0xa3f26d98                NetRestartWrap
                0xa3f28cac                NetArpWaitPacketBuf
                0xa3f26dd8                NetRxPktLen
                0xa3f26da4                NetTxPacket
                0xa3f26db0                NetBootFileXferSize
                0xa3f26d04                NetOurDNSIP
                0xa3f26e68                PktBuf
                0xa3f26d48                NetOurRootPath
                0xa3f292cc                NetArpWaitTimerStart
 .bss           0xa3f292d8       0x34 net/libnet.a(tftp.o)
 .bss           0xa3f2930c       0x14 net/libnet.a(bootp.o)
                0xa3f29314                NetDHCPServerIP
                0xa3f2930c                dhcp_state
                0xa3f2931c                BootpTry
                0xa3f29318                BootpID
                0xa3f29310                dhcp_leasetime
 .bss           0xa3f29320        0x4 net/libnet.a(rarp.o)
                0xa3f29320                RarpTry
 .bss           0xa3f29324        0xc net/libnet.a(eth.o)
 .bss           0xa3f29330      0x8b0 net/libnet.a(nfs.o)
 .bss           0xa3f29be0      0x528 drivers/libdrivers.a(cfi_flash.o)
                0xa3f29be4                flash_info
 .bss           0xa3f2a108      0x22c drivers/libdrivers.a(netconsole.o)
 .bss           0xa3f2a334      0x200 common/libcommon.a(main.o)
                0xa3f2a334                console_buffer
 .bss           0xa3f2a534       0x40 common/libcommon.a(cmd_bootm.o)
                0xa3f2a534                header
 .bss           0xa3f2a574       0x6c common/libcommon.a(cmd_ide.o)
                0xa3f2a57c                ide_dev_desc
                0xa3f2a574                ide_bus_offset
 .bss           0xa3f2a5e0        0xc common/libcommon.a(cmd_jffs2.o)
 .bss           0xa3f2a5ec       0x88 common/libcommon.a(cmd_load.o)
                0xa3f2a618                his_pad_char
                0xa3f2a5ec                os_data_count
                0xa3f2a634                os_data_init
                0xa3f2a670                send_ptr
                0xa3f2a5f0                os_data_header
                0xa3f2a638                os_data_char
                0xa3f2a610                his_eol
                0xa3f2a619                his_quote
                0xa3f2a65c                send_parms
                0xa3f2a614                his_pad_count
 .bss           0xa3f2a674       0x14 common/libcommon.a(cmd_mem.o)
                0xa3f2a67c                dp_last_size
                0xa3f2a678                dp_last_addr
                0xa3f2a684                mm_last_size
                0xa3f2a680                mm_last_addr
 .bss           0xa3f2a688        0x4 common/libcommon.a(cmd_pcmcia.o)
                0xa3f2a688                ide_devices_found
 .bss           0xa3f2a68c        0x8 common/libcommon.a(console.o)
 .bss           0xa3f2a694       0x10 common/libcommon.a(devices.o)
                0xa3f2a694                devlist
                0xa3f2a698                stdio_devices
 .bss           0xa3f2a6a4       0x3c common/libcommon.a(dlmalloc.o)
 .bss           0xa3f2a6e0      0x358 common/libcommon.a(hush.o)
                0xa3f2a930                nesting_level
                0xa3f2a92c                last_return_code
 .bss           0xa3f2aa38        0x4 lib_generic/libgeneric.a(string.o)
                0xa3f2aa38                ___strtok
 .bss           0xa3f2aa3c     0x10a8 lib_generic/libgeneric.a(zlib.o)
 .bss           0xa3f2bae4        0x8 board/gumstix/libgumstix.a(gumstix.o)
 .bss           0xa3f2baec      0x28c cpu/pxa/libpxa.a(mmc.o)
 .bss           0xa3f2bd78        0x4 lib_arm/libarm.a(armlinux.o)
 .bss           0xa3f2bd7c       0x4c fs/cramfs/libcramfs.a(cramfs.o)
                0xa3f2bd7c                super
 .bss           0xa3f2bdc8       0x34 fs/cramfs/libcramfs.a(uncompress.o)
 .bss           0xa3f2bdfc    0x30008 fs/fat/libfat.a(fat.o)
                0xa3f2be04                get_vfatname_block
                0xa3f3be04                get_dentfromdir_block
                0xa3f4be04                do_fat_read_block
 .bss           0xa3f5be04        0x4 fs/jffs2/libjffs2.a(jffs2_1pass.o)
                0xa3f5be08                _end = .
Address of section .text set to 0xa3f00000
LOAD cpu/pxa/start.o
START GROUP
LOAD lib_generic/libgeneric.a
LOAD board/gumstix/libgumstix.a
LOAD cpu/pxa/libpxa.a
LOAD lib_arm/libarm.a
LOAD fs/cramfs/libcramfs.a
LOAD fs/fat/libfat.a
LOAD fs/fdos/libfdos.a
LOAD fs/jffs2/libjffs2.a
LOAD fs/reiserfs/libreiserfs.a
LOAD fs/ext2/libext2fs.a
LOAD net/libnet.a
LOAD disk/libdisk.a
LOAD rtc/librtc.a
LOAD dtt/libdtt.a
LOAD drivers/libdrivers.a
LOAD drivers/sk98lin/libsk98lin.a
LOAD post/libpost.a
LOAD post/cpu/libcpu.a
LOAD common/libcommon.a
END GROUP
LOAD /usr/local/arm/3.3.2/lib/gcc-lib/arm-linux/3.3.2/libgcc.a
OUTPUT(u-boot elf32-littlearm)

.stab           0x00000000      0xde0
 .stab          0x00000000      0x414 cpu/pxa/start.o
 .stab          0x00000414      0x558 board/gumstix/memsetup.o
                                0x564 (size before relaxing)
 .stab          0x0000096c      0x210 lib_arm/libarm.a(_udivsi3.o)
                                0x21c (size before relaxing)
 .stab          0x00000b7c      0x264 lib_arm/libarm.a(_umodsi3.o)
                                0x270 (size before relaxing)

.stabstr        0x00000000      0x109
 .stabstr       0x00000000      0x109 cpu/pxa/start.o
                                  0x0 (size before relaxing)

.debug_abbrev   0x00000000     0x9a27
 .debug_abbrev  0x00000000      0x21c cpu/pxa/libpxa.a(interrupts.o)
 .debug_abbrev  0x0000021c      0x2e1 lib_arm/libarm.a(board.o)
 .debug_abbrev  0x000004fd      0x3b7 net/libnet.a(net.o)
 .debug_abbrev  0x000008b4      0x30d net/libnet.a(tftp.o)
 .debug_abbrev  0x00000bc1      0x3bf net/libnet.a(bootp.o)
 .debug_abbrev  0x00000f80      0x25b net/libnet.a(rarp.o)
 .debug_abbrev  0x000011db      0x2f4 net/libnet.a(eth.o)
 .debug_abbrev  0x000014cf      0x384 net/libnet.a(nfs.o)
 .debug_abbrev  0x00001853      0x2eb drivers/libdrivers.a(cfi_flash.o)
 .debug_abbrev  0x00001b3e      0x29a drivers/libdrivers.a(netconsole.o)
 .debug_abbrev  0x00001dd8      0x330 drivers/libdrivers.a(smc91111.o)
 .debug_abbrev  0x00002108      0x2cb common/libcommon.a(main.o)
 .debug_abbrev  0x000023d3      0x231 common/libcommon.a(cmd_autoscript.o)
 .debug_abbrev  0x00002604      0x21f common/libcommon.a(cmd_bdinfo.o)
 .debug_abbrev  0x00002823      0x219 common/libcommon.a(cmd_boot.o)
 .debug_abbrev  0x00002a3c      0x2ee common/libcommon.a(cmd_bootm.o)
 .debug_abbrev  0x00002d2a      0x1da common/libcommon.a(cmd_cache.o)
 .debug_abbrev  0x00002f04      0x1fa common/libcommon.a(cmd_console.o)
 .debug_abbrev  0x000030fe      0x2a9 common/libcommon.a(cmd_elf.o)
 .debug_abbrev  0x000033a7      0x261 common/libcommon.a(cmd_fat.o)
 .debug_abbrev  0x00003608      0x28b common/libcommon.a(cmd_flash.o)
 .debug_abbrev  0x00003893      0x37a common/libcommon.a(cmd_ide.o)
 .debug_abbrev  0x00003c0d      0x20e common/libcommon.a(cmd_itest.o)
 .debug_abbrev  0x00003e1b      0x2e7 common/libcommon.a(cmd_jffs2.o)
 .debug_abbrev  0x00004102      0x34d common/libcommon.a(cmd_load.o)
 .debug_abbrev  0x0000444f      0x2c6 common/libcommon.a(cmd_mem.o)
 .debug_abbrev  0x00004715      0x1c3 common/libcommon.a(cmd_misc.o)
 .debug_abbrev  0x000048d8      0x1de common/libcommon.a(cmd_mmc.o)
 .debug_abbrev  0x00004ab6      0x270 common/libcommon.a(cmd_net.o)
 .debug_abbrev  0x00004d26      0x30b common/libcommon.a(cmd_nvedit.o)
 .debug_abbrev  0x00005031      0x2c2 common/libcommon.a(cmd_pcmcia.o)
 .debug_abbrev  0x000052f3      0x25f common/libcommon.a(command.o)
 .debug_abbrev  0x00005552      0x303 common/libcommon.a(console.o)
 .debug_abbrev  0x00005855      0x20f common/libcommon.a(devices.o)
 .debug_abbrev  0x00005a64      0x240 common/libcommon.a(dlmalloc.o)
 .debug_abbrev  0x00005ca4      0x20e common/libcommon.a(env_common.o)
 .debug_abbrev  0x00005eb2      0x241 common/libcommon.a(env_flash.o)
 .debug_abbrev  0x000060f3      0x1e1 common/libcommon.a(exports.o)
 .debug_abbrev  0x000062d4      0x225 common/libcommon.a(flash.o)
 .debug_abbrev  0x000064f9      0x2fe common/libcommon.a(hush.o)
 .debug_abbrev  0x000067f7      0x252 common/libcommon.a(lists.o)
 .debug_abbrev  0x00006a49      0x1fc common/libcommon.a(s_record.o)
 .debug_abbrev  0x00006c45      0x1b2 lib_generic/libgeneric.a(crc32.o)
 .debug_abbrev  0x00006df7       0x42 lib_generic/libgeneric.a(ctype.o)
 .debug_abbrev  0x00006e39      0x1ee lib_generic/libgeneric.a(display_options.o)
 .debug_abbrev  0x00007027      0x1f5 lib_generic/libgeneric.a(string.o)
 .debug_abbrev  0x0000721c      0x2c8 lib_generic/libgeneric.a(vsprintf.o)
 .debug_abbrev  0x000074e4      0x214 lib_generic/libgeneric.a(zlib.o)
 .debug_abbrev  0x000076f8      0x1fd board/gumstix/libgumstix.a(gumstix.o)
 .debug_abbrev  0x000078f5      0x1d6 cpu/pxa/libpxa.a(serial.o)
 .debug_abbrev  0x00007acb      0x226 cpu/pxa/libpxa.a(cpu.o)
 .debug_abbrev  0x00007cf1      0x2aa cpu/pxa/libpxa.a(mmc.o)
 .debug_abbrev  0x00007f9b      0x2b2 lib_arm/libarm.a(armlinux.o)
 .debug_abbrev  0x0000824d      0x19f lib_arm/libarm.a(cache.o)
 .debug_abbrev  0x000083ec       0x3a lib_arm/libarm.a(div0.o)
 .debug_abbrev  0x00008426      0x2ba fs/cramfs/libcramfs.a(cramfs.o)
 .debug_abbrev  0x000086e0      0x22d fs/cramfs/libcramfs.a(uncompress.o)
 .debug_abbrev  0x0000890d      0x2cd fs/fat/libfat.a(fat.o)
 .debug_abbrev  0x00008bda      0x35f fs/jffs2/libjffs2.a(jffs2_1pass.o)
 .debug_abbrev  0x00008f39      0x127 fs/jffs2/libjffs2.a(compr_rtime.o)
 .debug_abbrev  0x00009060      0x141 fs/jffs2/libjffs2.a(compr_rubin.o)
 .debug_abbrev  0x000091a1      0x1d2 fs/jffs2/libjffs2.a(compr_zlib.o)
 .debug_abbrev  0x00009373      0x21a fs/jffs2/libjffs2.a(mini_inflate.o)
 .debug_abbrev  0x0000958d      0x218 disk/libdisk.a(part.o)
 .debug_abbrev  0x000097a5      0x282 disk/libdisk.a(part_dos.o)

.debug_info     0x00000000    0x61c3b
 .debug_info    0x00000000     0x1478 cpu/pxa/libpxa.a(interrupts.o)
 .debug_info    0x00001478     0x1d8f lib_arm/libarm.a(board.o)
 .debug_info    0x00003207     0x2b40 net/libnet.a(net.o)
 .debug_info    0x00005d47     0x1bde net/libnet.a(tftp.o)
 .debug_info    0x00007925     0x22b5 net/libnet.a(bootp.o)
 .debug_info    0x00009bda     0x1afa net/libnet.a(rarp.o)
 .debug_info    0x0000b6d4     0x1aa6 net/libnet.a(eth.o)
 .debug_info    0x0000d17a     0x24dd net/libnet.a(nfs.o)
 .debug_info    0x0000f657     0x2286 drivers/libdrivers.a(cfi_flash.o)
 .debug_info    0x000118dd     0x1dd5 drivers/libdrivers.a(netconsole.o)
 .debug_info    0x000136b2     0x2141 drivers/libdrivers.a(smc91111.o)
 .debug_info    0x000157f3     0x16f2 common/libcommon.a(main.o)
 .debug_info    0x00016ee5     0x14a6 common/libcommon.a(cmd_autoscript.o)
 .debug_info    0x0001838b     0x1805 common/libcommon.a(cmd_bdinfo.o)
 .debug_info    0x00019b90     0x17d2 common/libcommon.a(cmd_boot.o)
 .debug_info    0x0001b362     0x2076 common/libcommon.a(cmd_bootm.o)
 .debug_info    0x0001d3d8     0x133f common/libcommon.a(cmd_cache.o)
 .debug_info    0x0001e717     0x15e7 common/libcommon.a(cmd_console.o)
 .debug_info    0x0001fcfe     0x1cc2 common/libcommon.a(cmd_elf.o)
 .debug_info    0x000219c0     0x23b3 common/libcommon.a(cmd_fat.o)
 .debug_info    0x00023d73     0x18e3 common/libcommon.a(cmd_flash.o)
 .debug_info    0x00025656     0x1f6b common/libcommon.a(cmd_ide.o)
 .debug_info    0x000275c1     0x14ed common/libcommon.a(cmd_itest.o)
 .debug_info    0x00028aae     0x1f45 common/libcommon.a(cmd_jffs2.o)
 .debug_info    0x0002a9f3     0x20e3 common/libcommon.a(cmd_load.o)
 .debug_info    0x0002cad6     0x208a common/libcommon.a(cmd_mem.o)
 .debug_info    0x0002eb60     0x12c6 common/libcommon.a(cmd_misc.o)
 .debug_info    0x0002fe26     0x15d2 common/libcommon.a(cmd_mmc.o)
 .debug_info    0x000313f8     0x1b1e common/libcommon.a(cmd_net.o)
 .debug_info    0x00032f16     0x1db6 common/libcommon.a(cmd_nvedit.o)
 .debug_info    0x00034ccc     0x1703 common/libcommon.a(cmd_pcmcia.o)
 .debug_info    0x000363cf     0x162d common/libcommon.a(command.o)
 .debug_info    0x000379fc     0x1ae7 common/libcommon.a(console.o)
 .debug_info    0x000394e3     0x16c1 common/libcommon.a(devices.o)
 .debug_info    0x0003aba4     0x1a8a common/libcommon.a(dlmalloc.o)
 .debug_info    0x0003c62e     0x147d common/libcommon.a(env_common.o)
 .debug_info    0x0003daab     0x148f common/libcommon.a(env_flash.o)
 .debug_info    0x0003ef3a     0x1247 common/libcommon.a(exports.o)
 .debug_info    0x00040181     0x135e common/libcommon.a(flash.o)
 .debug_info    0x000414df     0x2541 common/libcommon.a(hush.o)
 .debug_info    0x00043a20     0x16d1 common/libcommon.a(lists.o)
 .debug_info    0x000450f1     0x126c common/libcommon.a(s_record.o)
 .debug_info    0x0004635d     0x1415 lib_generic/libgeneric.a(crc32.o)
 .debug_info    0x00047772       0x56 lib_generic/libgeneric.a(ctype.o)
 .debug_info    0x000477c8     0x121c lib_generic/libgeneric.a(display_options.o)
 .debug_info    0x000489e4      0xdc8 lib_generic/libgeneric.a(string.o)
 .debug_info    0x000497ac     0x15ad lib_generic/libgeneric.a(vsprintf.o)
 .debug_info    0x0004ad59     0x1927 lib_generic/libgeneric.a(zlib.o)
 .debug_info    0x0004c680     0x12eb board/gumstix/libgumstix.a(gumstix.o)
 .debug_info    0x0004d96b     0x1253 cpu/pxa/libpxa.a(serial.o)
 .debug_info    0x0004ebbe     0x13c7 cpu/pxa/libpxa.a(cpu.o)
 .debug_info    0x0004ff85     0x19c2 cpu/pxa/libpxa.a(mmc.o)
 .debug_info    0x00051947     0x17df lib_arm/libarm.a(armlinux.o)
 .debug_info    0x00053126     0x11af lib_arm/libarm.a(cache.o)
 .debug_info    0x000542d5       0x44 lib_arm/libarm.a(div0.o)
 .debug_info    0x00054319     0x1c42 fs/cramfs/libcramfs.a(cramfs.o)
 .debug_info    0x00055f5b     0x152d fs/cramfs/libcramfs.a(uncompress.o)
 .debug_info    0x00057488     0x20f6 fs/fat/libfat.a(fat.o)
 .debug_info    0x0005957e     0x2b11 fs/jffs2/libjffs2.a(jffs2_1pass.o)
 .debug_info    0x0005c08f      0x672 fs/jffs2/libjffs2.a(compr_rtime.o)
 .debug_info    0x0005c701      0x710 fs/jffs2/libjffs2.a(compr_rubin.o)
 .debug_info    0x0005ce11     0x1849 fs/jffs2/libjffs2.a(compr_zlib.o)
 .debug_info    0x0005e65a      0xb60 fs/jffs2/libjffs2.a(mini_inflate.o)
 .debug_info    0x0005f1ba     0x13ae disk/libdisk.a(part.o)
 .debug_info    0x00060568     0x16d3 disk/libdisk.a(part_dos.o)

.debug_line     0x00000000     0xde64
 .debug_line    0x00000000      0x299 cpu/pxa/libpxa.a(interrupts.o)
 .debug_line    0x00000299      0x318 lib_arm/libarm.a(board.o)
 .debug_line    0x000005b1      0x7d4 net/libnet.a(net.o)
 .debug_line    0x00000d85      0x3d5 net/libnet.a(tftp.o)
 .debug_line    0x0000115a      0x51d net/libnet.a(bootp.o)
 .debug_line    0x00001677      0x297 net/libnet.a(rarp.o)
 .debug_line    0x0000190e      0x32c net/libnet.a(eth.o)
 .debug_line    0x00001c3a      0x685 net/libnet.a(nfs.o)
 .debug_line    0x000022bf      0x5ea drivers/libdrivers.a(cfi_flash.o)
 .debug_line    0x000028a9      0x324 drivers/libdrivers.a(netconsole.o)
 .debug_line    0x00002bcd      0x54f drivers/libdrivers.a(smc91111.o)
 .debug_line    0x0000311c      0x39d common/libcommon.a(main.o)
 .debug_line    0x000034b9      0x338 common/libcommon.a(cmd_autoscript.o)
 .debug_line    0x000037f1      0x271 common/libcommon.a(cmd_bdinfo.o)
 .debug_line    0x00003a62      0x270 common/libcommon.a(cmd_boot.o)
 .debug_line    0x00003cd2      0x5cf common/libcommon.a(cmd_bootm.o)
 .debug_line    0x000042a1      0x26e common/libcommon.a(cmd_cache.o)
 .debug_line    0x0000450f      0x280 common/libcommon.a(cmd_console.o)
 .debug_line    0x0000478f      0x2ed common/libcommon.a(cmd_elf.o)
 .debug_line    0x00004a7c      0x2dc common/libcommon.a(cmd_fat.o)
 .debug_line    0x00004d58      0x3d9 common/libcommon.a(cmd_flash.o)
 .debug_line    0x00005131      0x543 common/libcommon.a(cmd_ide.o)
 .debug_line    0x00005674      0x2b7 common/libcommon.a(cmd_itest.o)
 .debug_line    0x0000592b      0x441 common/libcommon.a(cmd_jffs2.o)
 .debug_line    0x00005d6c      0x4f7 common/libcommon.a(cmd_load.o)
 .debug_line    0x00006263      0x4b6 common/libcommon.a(cmd_mem.o)
 .debug_line    0x00006719      0x265 common/libcommon.a(cmd_misc.o)
 .debug_line    0x0000697e      0x25c common/libcommon.a(cmd_mmc.o)
 .debug_line    0x00006bda      0x2ca common/libcommon.a(cmd_net.o)
 .debug_line    0x00006ea4      0x3de common/libcommon.a(cmd_nvedit.o)
 .debug_line    0x00007282      0x367 common/libcommon.a(cmd_pcmcia.o)
 .debug_line    0x000075e9      0x33b common/libcommon.a(command.o)
 .debug_line    0x00007924      0x37a common/libcommon.a(console.o)
 .debug_line    0x00007c9e      0x2be common/libcommon.a(devices.o)
 .debug_line    0x00007f5c      0x4c9 common/libcommon.a(dlmalloc.o)
 .debug_line    0x00008425      0x29b common/libcommon.a(env_common.o)
 .debug_line    0x000086c0      0x2c2 common/libcommon.a(env_flash.o)
 .debug_line    0x00008982      0x258 common/libcommon.a(exports.o)
 .debug_line    0x00008bda      0x2ab common/libcommon.a(flash.o)
 .debug_line    0x00008e85      0x6ed common/libcommon.a(hush.o)
 .debug_line    0x00009572      0x2eb common/libcommon.a(lists.o)
 .debug_line    0x0000985d      0x2b4 common/libcommon.a(s_record.o)
 .debug_line    0x00009b11      0x26b lib_generic/libgeneric.a(crc32.o)
 .debug_line    0x00009d7c       0x25 lib_generic/libgeneric.a(ctype.o)
 .debug_line    0x00009da1      0x267 lib_generic/libgeneric.a(display_options.o)
 .debug_line    0x0000a008      0x239 lib_generic/libgeneric.a(string.o)
 .debug_line    0x0000a241      0x357 lib_generic/libgeneric.a(vsprintf.o)
 .debug_line    0x0000a598      0x680 lib_generic/libgeneric.a(zlib.o)
 .debug_line    0x0000ac18      0x28a board/gumstix/libgumstix.a(gumstix.o)
 .debug_line    0x0000aea2      0x279 cpu/pxa/libpxa.a(serial.o)
 .debug_line    0x0000b11b      0x282 cpu/pxa/libpxa.a(cpu.o)
 .debug_line    0x0000b39d      0x3a8 cpu/pxa/libpxa.a(mmc.o)
 .debug_line    0x0000b745      0x3d7 lib_arm/libarm.a(armlinux.o)
 .debug_line    0x0000bb1c      0x23e lib_arm/libarm.a(cache.o)
 .debug_line    0x0000bd5a       0x33 lib_arm/libarm.a(div0.o)
 .debug_line    0x0000bd8d      0x3be fs/cramfs/libcramfs.a(cramfs.o)
 .debug_line    0x0000c14b      0x286 fs/cramfs/libcramfs.a(uncompress.o)
 .debug_line    0x0000c3d1      0x462 fs/fat/libfat.a(fat.o)
 .debug_line    0x0000c833      0x6dc fs/jffs2/libjffs2.a(jffs2_1pass.o)
 .debug_line    0x0000cf0f      0x174 fs/jffs2/libjffs2.a(compr_rtime.o)
 .debug_line    0x0000d083      0x1a4 fs/jffs2/libjffs2.a(compr_rubin.o)
 .debug_line    0x0000d227      0x2b4 fs/jffs2/libjffs2.a(compr_zlib.o)
 .debug_line    0x0000d4db      0x3b2 fs/jffs2/libjffs2.a(mini_inflate.o)
 .debug_line    0x0000d88d      0x2ac disk/libdisk.a(part.o)
 .debug_line    0x0000db39      0x32b disk/libdisk.a(part_dos.o)

.debug_frame    0x00000000     0x44c4
 .debug_frame   0x00000000      0x1c8 cpu/pxa/libpxa.a(interrupts.o)
 .debug_frame   0x000001c8       0xd4 lib_arm/libarm.a(board.o)
 .debug_frame   0x0000029c      0x2f0 net/libnet.a(net.o)
 .debug_frame   0x0000058c       0x88 net/libnet.a(tftp.o)
 .debug_frame   0x00000614      0x148 net/libnet.a(bootp.o)
 .debug_frame   0x0000075c       0x60 net/libnet.a(rarp.o)
 .debug_frame   0x000007bc      0x164 net/libnet.a(eth.o)
 .debug_frame   0x00000920      0x270 net/libnet.a(nfs.o)
 .debug_frame   0x00000b90      0x31c drivers/libdrivers.a(cfi_flash.o)
 .debug_frame   0x00000eac      0x144 drivers/libdrivers.a(netconsole.o)
 .debug_frame   0x00000ff0      0x21c drivers/libdrivers.a(smc91111.o)
 .debug_frame   0x0000120c      0x110 common/libcommon.a(main.o)
 .debug_frame   0x0000131c       0x4c common/libcommon.a(cmd_autoscript.o)
 .debug_frame   0x00001368       0x3c common/libcommon.a(cmd_bdinfo.o)
 .debug_frame   0x000013a4       0x2c common/libcommon.a(cmd_boot.o)
 .debug_frame   0x000013d0      0x1a8 common/libcommon.a(cmd_bootm.o)
 .debug_frame   0x00001578       0x58 common/libcommon.a(cmd_cache.o)
 .debug_frame   0x000015d0       0x30 common/libcommon.a(cmd_console.o)
 .debug_frame   0x00001600       0x88 common/libcommon.a(cmd_elf.o)
 .debug_frame   0x00001688       0x94 common/libcommon.a(cmd_fat.o)
 .debug_frame   0x0000171c      0x150 common/libcommon.a(cmd_flash.o)
 .debug_frame   0x0000186c      0x16c common/libcommon.a(cmd_ide.o)
 .debug_frame   0x000019d8       0xb4 common/libcommon.a(cmd_itest.o)
 .debug_frame   0x00001a8c       0xdc common/libcommon.a(cmd_jffs2.o)
 .debug_frame   0x00001b68      0x28c common/libcommon.a(cmd_load.o)
 .debug_frame   0x00001df4      0x1e4 common/libcommon.a(cmd_mem.o)
 .debug_frame   0x00001fd8       0x30 common/libcommon.a(cmd_misc.o)
 .debug_frame   0x00002008       0x28 common/libcommon.a(cmd_mmc.o)
 .debug_frame   0x00002030       0xbc common/libcommon.a(cmd_net.o)
 .debug_frame   0x000020ec      0x10c common/libcommon.a(cmd_nvedit.o)
 .debug_frame   0x000021f8      0x140 common/libcommon.a(cmd_pcmcia.o)
 .debug_frame   0x00002338       0xd8 common/libcommon.a(command.o)
 .debug_frame   0x00002410      0x240 common/libcommon.a(console.o)
 .debug_frame   0x00002650       0xa8 common/libcommon.a(devices.o)
 .debug_frame   0x000026f8      0x15c common/libcommon.a(dlmalloc.o)
 .debug_frame   0x00002854       0x7c common/libcommon.a(env_common.o)
 .debug_frame   0x000028d0       0x6c common/libcommon.a(env_flash.o)
 .debug_frame   0x0000293c       0x48 common/libcommon.a(exports.o)
 .debug_frame   0x00002984       0x88 common/libcommon.a(flash.o)
 .debug_frame   0x00002a0c      0x4b8 common/libcommon.a(hush.o)
 .debug_frame   0x00002ec4      0x150 common/libcommon.a(lists.o)
 .debug_frame   0x00003014       0x64 common/libcommon.a(s_record.o)
 .debug_frame   0x00003078       0x40 lib_generic/libgeneric.a(crc32.o)
 .debug_frame   0x000030b8       0x48 lib_generic/libgeneric.a(display_options.o)
 .debug_frame   0x00003100      0x200 lib_generic/libgeneric.a(string.o)
 .debug_frame   0x00003300       0xe8 lib_generic/libgeneric.a(vsprintf.o)
 .debug_frame   0x000033e8      0x320 lib_generic/libgeneric.a(zlib.o)
 .debug_frame   0x00003708       0x80 board/gumstix/libgumstix.a(gumstix.o)
 .debug_frame   0x00003788       0x88 cpu/pxa/libpxa.a(serial.o)
 .debug_frame   0x00003810       0xd0 cpu/pxa/libpxa.a(cpu.o)
 .debug_frame   0x000038e0      0x118 cpu/pxa/libpxa.a(mmc.o)
 .debug_frame   0x000039f8       0xb0 lib_arm/libarm.a(armlinux.o)
 .debug_frame   0x00003aa8       0x20 lib_arm/libarm.a(cache.o)
 .debug_frame   0x00003ac8       0x20 lib_arm/libarm.a(div0.o)
 .debug_frame   0x00003ae8      0x118 fs/cramfs/libcramfs.a(cramfs.o)
 .debug_frame   0x00003c00       0x80 fs/cramfs/libcramfs.a(uncompress.o)
 .debug_frame   0x00003c80      0x214 fs/fat/libfat.a(fat.o)
 .debug_frame   0x00003e94      0x2a4 fs/jffs2/libjffs2.a(jffs2_1pass.o)
 .debug_frame   0x00004138       0x34 fs/jffs2/libjffs2.a(compr_rtime.o)
 .debug_frame   0x0000416c       0x4c fs/jffs2/libjffs2.a(compr_rubin.o)
 .debug_frame   0x000041b8       0x20 fs/jffs2/libjffs2.a(compr_zlib.o)
 .debug_frame   0x000041d8      0x174 fs/jffs2/libjffs2.a(mini_inflate.o)
 .debug_frame   0x0000434c       0x90 disk/libdisk.a(part.o)
 .debug_frame   0x000043dc       0xe8 disk/libdisk.a(part_dos.o)

.debug_pubnames
                0x00000000     0x273a
 .debug_pubnames
                0x00000000      0x183 cpu/pxa/libpxa.a(interrupts.o)
 .debug_pubnames
                0x00000183       0x71 lib_arm/libarm.a(board.o)
 .debug_pubnames
                0x000001f4      0x405 net/libnet.a(net.o)
 .debug_pubnames
                0x000005f9       0x20 net/libnet.a(tftp.o)
 .debug_pubnames
                0x00000619       0x82 net/libnet.a(bootp.o)
 .debug_pubnames
                0x0000069b       0x2e net/libnet.a(rarp.o)
 .debug_pubnames
                0x000006c9       0xf4 net/libnet.a(eth.o)
 .debug_pubnames
                0x000007bd       0x1f net/libnet.a(nfs.o)
 .debug_pubnames
                0x000007dc      0x11a drivers/libdrivers.a(cfi_flash.o)
 .debug_pubnames
                0x000008f6       0x7f drivers/libdrivers.a(netconsole.o)
 .debug_pubnames
                0x00000975       0x86 drivers/libdrivers.a(smc91111.o)
 .debug_pubnames
                0x000009fb       0x5b common/libcommon.a(main.o)
 .debug_pubnames
                0x00000a56       0x4c common/libcommon.a(cmd_autoscript.o)
 .debug_pubnames
                0x00000aa2       0x38 common/libcommon.a(cmd_bdinfo.o)
 .debug_pubnames
                0x00000ada       0x47 common/libcommon.a(cmd_boot.o)
 .debug_pubnames
                0x00000b21       0xce common/libcommon.a(cmd_bootm.o)
 .debug_pubnames
                0x00000bef       0x5e common/libcommon.a(cmd_cache.o)
 .debug_pubnames
                0x00000c4d       0x3a common/libcommon.a(cmd_console.o)
 .debug_pubnames
                0x00000c87       0x87 common/libcommon.a(cmd_elf.o)
 .debug_pubnames
                0x00000d0e       0x99 common/libcommon.a(cmd_fat.o)
 .debug_pubnames
                0x00000da7       0xe1 common/libcommon.a(cmd_flash.o)
 .debug_pubnames
                0x00000e88       0xb8 common/libcommon.a(cmd_ide.o)
 .debug_pubnames
                0x00000f40       0x53 common/libcommon.a(cmd_itest.o)
 .debug_pubnames
                0x00000f93       0xad common/libcommon.a(cmd_jffs2.o)
 .debug_pubnames
                0x00001040      0x1dc common/libcommon.a(cmd_load.o)
 .debug_pubnames
                0x0000121c      0x257 common/libcommon.a(cmd_mem.o)
 .debug_pubnames
                0x00001473       0x36 common/libcommon.a(cmd_misc.o)
 .debug_pubnames
                0x000014a9       0x36 common/libcommon.a(cmd_mmc.o)
 .debug_pubnames
                0x000014df       0xe8 common/libcommon.a(cmd_net.o)
 .debug_pubnames
                0x000015c7       0xd1 common/libcommon.a(cmd_nvedit.o)
 .debug_pubnames
                0x00001698       0x99 common/libcommon.a(cmd_pcmcia.o)
 .debug_pubnames
                0x00001731       0xee common/libcommon.a(command.o)
 .debug_pubnames
                0x0000181f      0x120 common/libcommon.a(console.o)
 .debug_pubnames
                0x0000193f       0xaa common/libcommon.a(devices.o)
 .debug_pubnames
                0x000019e9       0xb3 common/libcommon.a(dlmalloc.o)
 .debug_pubnames
                0x00001a9c       0x88 common/libcommon.a(env_common.o)
 .debug_pubnames
                0x00001b24       0x75 common/libcommon.a(env_flash.o)
 .debug_pubnames
                0x00001b99       0x35 common/libcommon.a(exports.o)
 .debug_pubnames
                0x00001bce       0x53 common/libcommon.a(flash.o)
 .debug_pubnames
                0x00001c21       0xc8 common/libcommon.a(hush.o)
 .debug_pubnames
                0x00001ce9      0x116 common/libcommon.a(lists.o)
 .debug_pubnames
                0x00001dff       0x22 common/libcommon.a(s_record.o)
 .debug_pubnames
                0x00001e21       0x2e lib_generic/libgeneric.a(crc32.o)
 .debug_pubnames
                0x00001e4f       0x1d lib_generic/libgeneric.a(ctype.o)
 .debug_pubnames
                0x00001e6c       0x35 lib_generic/libgeneric.a(display_options.o)
 .debug_pubnames
                0x00001ea1      0x13d lib_generic/libgeneric.a(string.o)
 .debug_pubnames
                0x00001fde       0x5a lib_generic/libgeneric.a(vsprintf.o)
 .debug_pubnames
                0x00002038       0xab lib_generic/libgeneric.a(zlib.o)
 .debug_pubnames
                0x000020e3       0x6c board/gumstix/libgumstix.a(gumstix.o)
 .debug_pubnames
                0x0000214f       0x74 cpu/pxa/libpxa.a(serial.o)
 .debug_pubnames
                0x000021c3       0xc5 cpu/pxa/libpxa.a(cpu.o)
 .debug_pubnames
                0x00002288       0x9a cpu/pxa/libpxa.a(mmc.o)
 .debug_pubnames
                0x00002322       0x3a lib_arm/libarm.a(armlinux.o)
 .debug_pubnames
                0x0000235c       0x22 lib_arm/libarm.a(cache.o)
 .debug_pubnames
                0x0000237e       0x1d lib_arm/libarm.a(div0.o)
 .debug_pubnames
                0x0000239b       0x5b fs/cramfs/libcramfs.a(cramfs.o)
 .debug_pubnames
                0x000023f6       0x64 fs/cramfs/libcramfs.a(uncompress.o)
 .debug_pubnames
                0x0000245a       0xc7 fs/fat/libfat.a(fat.o)
 .debug_pubnames
                0x00002521       0x90 fs/jffs2/libjffs2.a(jffs2_1pass.o)
 .debug_pubnames
                0x000025b1       0x27 fs/jffs2/libjffs2.a(compr_rtime.o)
 .debug_pubnames
                0x000025d8       0x42 fs/jffs2/libjffs2.a(compr_rubin.o)
 .debug_pubnames
                0x0000261a       0x26 fs/jffs2/libjffs2.a(compr_zlib.o)
 .debug_pubnames
                0x00002640       0x54 fs/jffs2/libjffs2.a(mini_inflate.o)
 .debug_pubnames
                0x00002694       0x54 disk/libdisk.a(part.o)
 .debug_pubnames
                0x000026e8       0x52 disk/libdisk.a(part_dos.o)

.debug_aranges  0x00000000      0x800
 .debug_aranges
                0x00000000       0x20 cpu/pxa/libpxa.a(interrupts.o)
 .debug_aranges
                0x00000020       0x20 lib_arm/libarm.a(board.o)
 .debug_aranges
                0x00000040       0x20 net/libnet.a(net.o)
 .debug_aranges
                0x00000060       0x20 net/libnet.a(tftp.o)
 .debug_aranges
                0x00000080       0x20 net/libnet.a(bootp.o)
 .debug_aranges
                0x000000a0       0x20 net/libnet.a(rarp.o)
 .debug_aranges
                0x000000c0       0x20 net/libnet.a(eth.o)
 .debug_aranges
                0x000000e0       0x20 net/libnet.a(nfs.o)
 .debug_aranges
                0x00000100       0x20 drivers/libdrivers.a(cfi_flash.o)
 .debug_aranges
                0x00000120       0x20 drivers/libdrivers.a(netconsole.o)
 .debug_aranges
                0x00000140       0x20 drivers/libdrivers.a(smc91111.o)
 .debug_aranges
                0x00000160       0x20 common/libcommon.a(main.o)
 .debug_aranges
                0x00000180       0x20 common/libcommon.a(cmd_autoscript.o)
 .debug_aranges
                0x000001a0       0x20 common/libcommon.a(cmd_bdinfo.o)
 .debug_aranges
                0x000001c0       0x20 common/libcommon.a(cmd_boot.o)
 .debug_aranges
                0x000001e0       0x20 common/libcommon.a(cmd_bootm.o)
 .debug_aranges
                0x00000200       0x20 common/libcommon.a(cmd_cache.o)
 .debug_aranges
                0x00000220       0x20 common/libcommon.a(cmd_console.o)
 .debug_aranges
                0x00000240       0x20 common/libcommon.a(cmd_elf.o)
 .debug_aranges
                0x00000260       0x20 common/libcommon.a(cmd_fat.o)
 .debug_aranges
                0x00000280       0x20 common/libcommon.a(cmd_flash.o)
 .debug_aranges
                0x000002a0       0x20 common/libcommon.a(cmd_ide.o)
 .debug_aranges
                0x000002c0       0x20 common/libcommon.a(cmd_itest.o)
 .debug_aranges
                0x000002e0       0x20 common/libcommon.a(cmd_jffs2.o)
 .debug_aranges
                0x00000300       0x20 common/libcommon.a(cmd_load.o)
 .debug_aranges
                0x00000320       0x20 common/libcommon.a(cmd_mem.o)
 .debug_aranges
                0x00000340       0x20 common/libcommon.a(cmd_misc.o)
 .debug_aranges
                0x00000360       0x20 common/libcommon.a(cmd_mmc.o)
 .debug_aranges
                0x00000380       0x20 common/libcommon.a(cmd_net.o)
 .debug_aranges
                0x000003a0       0x20 common/libcommon.a(cmd_nvedit.o)
 .debug_aranges
                0x000003c0       0x20 common/libcommon.a(cmd_pcmcia.o)
 .debug_aranges
                0x000003e0       0x20 common/libcommon.a(command.o)
 .debug_aranges
                0x00000400       0x20 common/libcommon.a(console.o)
 .debug_aranges
                0x00000420       0x20 common/libcommon.a(devices.o)
 .debug_aranges
                0x00000440       0x20 common/libcommon.a(dlmalloc.o)
 .debug_aranges
                0x00000460       0x20 common/libcommon.a(env_common.o)
 .debug_aranges
                0x00000480       0x20 common/libcommon.a(env_flash.o)
 .debug_aranges
                0x000004a0       0x20 common/libcommon.a(exports.o)
 .debug_aranges
                0x000004c0       0x20 common/libcommon.a(flash.o)
 .debug_aranges
                0x000004e0       0x20 common/libcommon.a(hush.o)
 .debug_aranges
                0x00000500       0x20 common/libcommon.a(lists.o)
 .debug_aranges
                0x00000520       0x20 common/libcommon.a(s_record.o)
 .debug_aranges
                0x00000540       0x20 lib_generic/libgeneric.a(crc32.o)
 .debug_aranges
                0x00000560       0x20 lib_generic/libgeneric.a(display_options.o)
 .debug_aranges
                0x00000580       0x20 lib_generic/libgeneric.a(string.o)
 .debug_aranges
                0x000005a0       0x20 lib_generic/libgeneric.a(vsprintf.o)
 .debug_aranges
                0x000005c0       0x20 lib_generic/libgeneric.a(zlib.o)
 .debug_aranges
                0x000005e0       0x20 board/gumstix/libgumstix.a(gumstix.o)
 .debug_aranges
                0x00000600       0x20 cpu/pxa/libpxa.a(serial.o)
 .debug_aranges
                0x00000620       0x20 cpu/pxa/libpxa.a(cpu.o)
 .debug_aranges
                0x00000640       0x20 cpu/pxa/libpxa.a(mmc.o)
 .debug_aranges
                0x00000660       0x20 lib_arm/libarm.a(armlinux.o)
 .debug_aranges
                0x00000680       0x20 lib_arm/libarm.a(cache.o)
 .debug_aranges
                0x000006a0       0x20 lib_arm/libarm.a(div0.o)
 .debug_aranges
                0x000006c0       0x20 fs/cramfs/libcramfs.a(cramfs.o)
 .debug_aranges
                0x000006e0       0x20 fs/cramfs/libcramfs.a(uncompress.o)
 .debug_aranges
                0x00000700       0x20 fs/fat/libfat.a(fat.o)
 .debug_aranges
                0x00000720       0x20 fs/jffs2/libjffs2.a(jffs2_1pass.o)
 .debug_aranges
                0x00000740       0x20 fs/jffs2/libjffs2.a(compr_rtime.o)
 .debug_aranges
                0x00000760       0x20 fs/jffs2/libjffs2.a(compr_rubin.o)
 .debug_aranges
                0x00000780       0x20 fs/jffs2/libjffs2.a(compr_zlib.o)
 .debug_aranges
                0x000007a0       0x20 fs/jffs2/libjffs2.a(mini_inflate.o)
 .debug_aranges
                0x000007c0       0x20 disk/libdisk.a(part.o)
 .debug_aranges
                0x000007e0       0x20 disk/libdisk.a(part_dos.o)

.debug_str      0x00000000     0x637e
 .debug_str     0x00000000      0x9b3 cpu/pxa/libpxa.a(interrupts.o)
                                0xbd1 (size before relaxing)
 .debug_str     0x000009b3      0x4b9 lib_arm/libarm.a(board.o)
                                0xfbe (size before relaxing)
 .debug_str     0x00000e6c      0x587 net/libnet.a(net.o)
                               0x12b4 (size before relaxing)
 .debug_str     0x000013f3       0xec net/libnet.a(tftp.o)
                                0xf6c (size before relaxing)
 .debug_str     0x000014df      0x172 net/libnet.a(bootp.o)
                               0x1076 (size before relaxing)
 .debug_str     0x00001651       0x4c net/libnet.a(rarp.o)
                                0xea4 (size before relaxing)
 .debug_str     0x0000169d      0x11d net/libnet.a(eth.o)
                                0xe44 (size before relaxing)
 .debug_str     0x000017ba      0x223 net/libnet.a(nfs.o)
                               0x118c (size before relaxing)
 .debug_str     0x000019dd      0x3b8 drivers/libdrivers.a(cfi_flash.o)
                                0xe6e (size before relaxing)
 .debug_str     0x00001d95      0x132 drivers/libdrivers.a(netconsole.o)
                                0xf6f (size before relaxing)
 .debug_str     0x00001ec7      0x2a1 drivers/libdrivers.a(smc91111.o)
                               0x1017 (size before relaxing)
 .debug_str     0x00002168      0x12b common/libcommon.a(main.o)
                                0xbec (size before relaxing)
 .debug_str     0x00002293       0x43 common/libcommon.a(cmd_autoscript.o)
                                0xb90 (size before relaxing)
 .debug_str     0x000022d6       0x35 common/libcommon.a(cmd_bdinfo.o)
                                0xd46 (size before relaxing)
 .debug_str     0x0000230b       0x34 common/libcommon.a(cmd_boot.o)
                                0xd4a (size before relaxing)
 .debug_str     0x0000233f      0x262 common/libcommon.a(cmd_bootm.o)
                                0xdfd (size before relaxing)
 .debug_str     0x000025a1       0x4f common/libcommon.a(cmd_cache.o)
                                0xb1a (size before relaxing)
 .debug_str     0x000025f0       0x50 common/libcommon.a(cmd_console.o)
                                0xc29 (size before relaxing)
 .debug_str     0x00002640      0x25d common/libcommon.a(cmd_elf.o)
                                0xfc7 (size before relaxing)
 .debug_str     0x0000289d      0x563 common/libcommon.a(cmd_fat.o)
                               0x12e3 (size before relaxing)
 .debug_str     0x00002e00      0x178 common/libcommon.a(cmd_flash.o)
                                0xc84 (size before relaxing)
 .debug_str     0x00002f78      0x12d common/libcommon.a(cmd_ide.o)
                                0xf8b (size before relaxing)
 .debug_str     0x000030a5       0x80 common/libcommon.a(cmd_itest.o)
                                0xb5b (size before relaxing)
 .debug_str     0x00003125      0x397 common/libcommon.a(cmd_jffs2.o)
                                0xf8c (size before relaxing)
 .debug_str     0x000034bc      0x3ae common/libcommon.a(cmd_load.o)
                               0x1140 (size before relaxing)
 .debug_str     0x0000386a      0x447 common/libcommon.a(cmd_mem.o)
                                0xf60 (size before relaxing)
 .debug_str     0x00003cb1       0x27 common/libcommon.a(cmd_misc.o)
                                0xaf8 (size before relaxing)
 .debug_str     0x00003cd8       0x26 common/libcommon.a(cmd_mmc.o)
                                0xcc8 (size before relaxing)
 .debug_str     0x00003cfe       0xd2 common/libcommon.a(cmd_net.o)
                                0xe81 (size before relaxing)
 .debug_str     0x00003dd0       0xf6 common/libcommon.a(cmd_nvedit.o)
                                0xe68 (size before relaxing)
 .debug_str     0x00003ec6      0x15b common/libcommon.a(cmd_pcmcia.o)
                                0xc6d (size before relaxing)
 .debug_str     0x00004021      0x118 common/libcommon.a(command.o)
                                0xc0a (size before relaxing)
 .debug_str     0x00004139       0xdd common/libcommon.a(console.o)
                                0xdcf (size before relaxing)
 .debug_str     0x00004216       0x6c common/libcommon.a(devices.o)
                                0xc96 (size before relaxing)
 .debug_str     0x00004282      0x256 common/libcommon.a(dlmalloc.o)
                                0xd6e (size before relaxing)
 .debug_str     0x000044d8       0x78 common/libcommon.a(env_common.o)
                                0xba2 (size before relaxing)
 .debug_str     0x00004550       0x6c common/libcommon.a(env_flash.o)
                                0xbca (size before relaxing)
 .debug_str     0x000045bc       0x19 common/libcommon.a(exports.o)
                                0xb42 (size before relaxing)
 .debug_str     0x000045d5       0x46 common/libcommon.a(flash.o)
                                0xafa (size before relaxing)
 .debug_str     0x0000461b      0x4cd common/libcommon.a(hush.o)
                               0x10a4 (size before relaxing)
 .debug_str     0x00004ae8      0x1cf common/libcommon.a(lists.o)
                                0xd4e (size before relaxing)
 .debug_str     0x00004cb7       0x3a common/libcommon.a(s_record.o)
                                0xaca (size before relaxing)
 .debug_str     0x00004cf1       0x56 lib_generic/libgeneric.a(crc32.o)
                                0xb87 (size before relaxing)
 .debug_str     0x00004d47        0x8 lib_generic/libgeneric.a(ctype.o)
                                 0x6c (size before relaxing)
 .debug_str     0x00004d4f       0x2d lib_generic/libgeneric.a(display_options.o)
                                0xabb (size before relaxing)
 .debug_str     0x00004d7c       0xd5 lib_generic/libgeneric.a(string.o)
                                0x5af (size before relaxing)
 .debug_str     0x00004e51       0x72 lib_generic/libgeneric.a(vsprintf.o)
                                0xb71 (size before relaxing)
 .debug_str     0x00004ec3      0x3ac lib_generic/libgeneric.a(zlib.o)
                                0x952 (size before relaxing)
 .debug_str     0x0000526f       0xaa board/gumstix/libgumstix.a(gumstix.o)
                                0xb11 (size before relaxing)
 .debug_str     0x00005319       0x53 cpu/pxa/libpxa.a(serial.o)
                                0xad3 (size before relaxing)
 .debug_str     0x0000536c       0x88 cpu/pxa/libpxa.a(cpu.o)
                                0xb71 (size before relaxing)
 .debug_str     0x000053f4      0x100 cpu/pxa/libpxa.a(mmc.o)
                                0xd98 (size before relaxing)
 .debug_str     0x000054f4       0xa1 lib_arm/libarm.a(armlinux.o)
                                0xc9a (size before relaxing)
 .debug_str     0x00005595       0x1a lib_arm/libarm.a(cache.o)
                                0xa9d (size before relaxing)
 .debug_str     0x000055af        0xe lib_arm/libarm.a(div0.o)
                                 0x51 (size before relaxing)
 .debug_str     0x000055bd      0x1a1 fs/cramfs/libcramfs.a(cramfs.o)
                                0xe59 (size before relaxing)
 .debug_str     0x0000575e       0x5a fs/cramfs/libcramfs.a(uncompress.o)
                                0xc21 (size before relaxing)
 .debug_str     0x000057b8      0x2da fs/fat/libfat.a(fat.o)
                                0xfbb (size before relaxing)
 .debug_str     0x00005a92      0x432 fs/jffs2/libjffs2.a(jffs2_1pass.o)
                               0x117e (size before relaxing)
 .debug_str     0x00005ec4       0x53 fs/jffs2/libjffs2.a(compr_rtime.o)
                                0x324 (size before relaxing)
 .debug_str     0x00005f17       0x4b fs/jffs2/libjffs2.a(compr_rubin.o)
                                0x35e (size before relaxing)
 .debug_str     0x00005f62      0x119 fs/jffs2/libjffs2.a(compr_zlib.o)
                                0xd72 (size before relaxing)
 .debug_str     0x0000607b      0x125 fs/jffs2/libjffs2.a(mini_inflate.o)
                                0x335 (size before relaxing)
 .debug_str     0x000061a0       0x9f disk/libdisk.a(part.o)
                                0xb37 (size before relaxing)
 .debug_str     0x0000623f      0x13f disk/libdisk.a(part_dos.o)
                                0xc22 (size before relaxing)

.comment        0x00000000      0x492
 .comment       0x00000000       0x12 cpu/pxa/libpxa.a(interrupts.o)
 .comment       0x00000012       0x12 lib_arm/libarm.a(board.o)
 .comment       0x00000024       0x12 net/libnet.a(net.o)
 .comment       0x00000036       0x12 net/libnet.a(tftp.o)
 .comment       0x00000048       0x12 net/libnet.a(bootp.o)
 .comment       0x0000005a       0x12 net/libnet.a(rarp.o)
 .comment       0x0000006c       0x12 net/libnet.a(eth.o)
 .comment       0x0000007e       0x12 net/libnet.a(nfs.o)
 .comment       0x00000090       0x12 drivers/libdrivers.a(cfi_flash.o)
 .comment       0x000000a2       0x12 drivers/libdrivers.a(netconsole.o)
 .comment       0x000000b4       0x12 drivers/libdrivers.a(smc91111.o)
 .comment       0x000000c6       0x12 common/libcommon.a(main.o)
 .comment       0x000000d8       0x12 common/libcommon.a(cmd_autoscript.o)
 .comment       0x000000ea       0x12 common/libcommon.a(cmd_bdinfo.o)
 .comment       0x000000fc       0x12 common/libcommon.a(cmd_boot.o)
 .comment       0x0000010e       0x12 common/libcommon.a(cmd_bootm.o)
 .comment       0x00000120       0x12 common/libcommon.a(cmd_cache.o)
 .comment       0x00000132       0x12 common/libcommon.a(cmd_console.o)
 .comment       0x00000144       0x12 common/libcommon.a(cmd_elf.o)
 .comment       0x00000156       0x12 common/libcommon.a(cmd_fat.o)
 .comment       0x00000168       0x12 common/libcommon.a(cmd_flash.o)
 .comment       0x0000017a       0x12 common/libcommon.a(cmd_ide.o)
 .comment       0x0000018c       0x12 common/libcommon.a(cmd_itest.o)
 .comment       0x0000019e       0x12 common/libcommon.a(cmd_jffs2.o)
 .comment       0x000001b0       0x12 common/libcommon.a(cmd_load.o)
 .comment       0x000001c2       0x12 common/libcommon.a(cmd_mem.o)
 .comment       0x000001d4       0x12 common/libcommon.a(cmd_misc.o)
 .comment       0x000001e6       0x12 common/libcommon.a(cmd_mmc.o)
 .comment       0x000001f8       0x12 common/libcommon.a(cmd_net.o)
 .comment       0x0000020a       0x12 common/libcommon.a(cmd_nvedit.o)
 .comment       0x0000021c       0x12 common/libcommon.a(cmd_pcmcia.o)
 .comment       0x0000022e       0x12 common/libcommon.a(command.o)
 .comment       0x00000240       0x12 common/libcommon.a(console.o)
 .comment       0x00000252       0x12 common/libcommon.a(devices.o)
 .comment       0x00000264       0x12 common/libcommon.a(dlmalloc.o)
 .comment       0x00000276       0x12 common/libcommon.a(env_common.o)
 .comment       0x00000288       0x12 common/libcommon.a(env_flash.o)
 .comment       0x0000029a       0x12 common/libcommon.a(exports.o)
 .comment       0x000002ac       0x12 common/libcommon.a(flash.o)
 .comment       0x000002be       0x12 common/libcommon.a(hush.o)
 .comment       0x000002d0       0x12 common/libcommon.a(lists.o)
 .comment       0x000002e2       0x12 common/libcommon.a(s_record.o)
 .comment       0x000002f4       0x12 lib_generic/libgeneric.a(crc32.o)
 .comment       0x00000306       0x12 lib_generic/libgeneric.a(ctype.o)
 .comment       0x00000318       0x12 lib_generic/libgeneric.a(display_options.o)
 .comment       0x0000032a       0x12 lib_generic/libgeneric.a(string.o)
 .comment       0x0000033c       0x12 lib_generic/libgeneric.a(vsprintf.o)
 .comment       0x0000034e       0x12 lib_generic/libgeneric.a(zlib.o)
 .comment       0x00000360       0x12 board/gumstix/libgumstix.a(gumstix.o)
 .comment       0x00000372       0x12 cpu/pxa/libpxa.a(serial.o)
 .comment       0x00000384       0x12 cpu/pxa/libpxa.a(cpu.o)
 .comment       0x00000396       0x12 cpu/pxa/libpxa.a(mmc.o)
 .comment       0x000003a8       0x12 lib_arm/libarm.a(armlinux.o)
 .comment       0x000003ba       0x12 lib_arm/libarm.a(cache.o)
 .comment       0x000003cc       0x12 lib_arm/libarm.a(div0.o)
 .comment       0x000003de       0x12 fs/cramfs/libcramfs.a(cramfs.o)
 .comment       0x000003f0       0x12 fs/cramfs/libcramfs.a(uncompress.o)
 .comment       0x00000402       0x12 fs/fat/libfat.a(fat.o)
 .comment       0x00000414       0x12 fs/jffs2/libjffs2.a(jffs2_1pass.o)
 .comment       0x00000426       0x12 fs/jffs2/libjffs2.a(compr_rtime.o)
 .comment       0x00000438       0x12 fs/jffs2/libjffs2.a(compr_rubin.o)
 .comment       0x0000044a       0x12 fs/jffs2/libjffs2.a(compr_zlib.o)
 .comment       0x0000045c       0x12 fs/jffs2/libjffs2.a(mini_inflate.o)
 .comment       0x0000046e       0x12 disk/libdisk.a(part.o)
 .comment       0x00000480       0x12 disk/libdisk.a(part_dos.o)

.debug_ranges   0x00000000      0x528
 .debug_ranges  0x00000000       0x18 lib_arm/libarm.a(board.o)
 .debug_ranges  0x00000018       0x60 net/libnet.a(net.o)
 .debug_ranges  0x00000078       0x30 net/libnet.a(eth.o)
 .debug_ranges  0x000000a8       0x18 drivers/libdrivers.a(netconsole.o)
 .debug_ranges  0x000000c0      0x118 drivers/libdrivers.a(smc91111.o)
 .debug_ranges  0x000001d8       0x38 common/libcommon.a(main.o)
 .debug_ranges  0x00000210       0x30 common/libcommon.a(cmd_fat.o)
 .debug_ranges  0x00000240       0x18 common/libcommon.a(cmd_flash.o)
 .debug_ranges  0x00000258       0x18 common/libcommon.a(cmd_jffs2.o)
 .debug_ranges  0x00000270       0x18 common/libcommon.a(cmd_mem.o)
 .debug_ranges  0x00000288       0x30 common/libcommon.a(cmd_nvedit.o)
 .debug_ranges  0x000002b8       0x38 common/libcommon.a(command.o)
 .debug_ranges  0x000002f0       0x30 common/libcommon.a(console.o)
 .debug_ranges  0x00000320       0x50 common/libcommon.a(dlmalloc.o)
 .debug_ranges  0x00000370       0x38 common/libcommon.a(flash.o)
 .debug_ranges  0x000003a8       0x48 common/libcommon.a(hush.o)
 .debug_ranges  0x000003f0       0x20 lib_generic/libgeneric.a(vsprintf.o)
 .debug_ranges  0x00000410       0x50 lib_generic/libgeneric.a(zlib.o)
 .debug_ranges  0x00000460       0x18 cpu/pxa/libpxa.a(mmc.o)
 .debug_ranges  0x00000478       0x18 fs/cramfs/libcramfs.a(cramfs.o)
 .debug_ranges  0x00000490       0x48 fs/fat/libfat.a(fat.o)
 .debug_ranges  0x000004d8       0x18 fs/jffs2/libjffs2.a(jffs2_1pass.o)
 .debug_ranges  0x000004f0       0x18 fs/jffs2/libjffs2.a(compr_rubin.o)
 .debug_ranges  0x00000508       0x20 disk/libdisk.a(part_dos.o)
